// Jest Snapshot v1, https://goo.gl/fbAQLP

exports[`SearchPopularTokens renders without error 1`] = `
<View
  style={
    {
      "alignItems": "stretch",
      "flexDirection": "column",
      "paddingBottom": 8,
      "paddingLeft": 8,
      "paddingRight": 8,
      "paddingTop": 8,
    }
  }
>
  <View
    onLayout={[Function]}
    style={
      {
        "alignItems": "stretch",
        "flexDirection": "column",
        "opacity": 0,
      }
    }
  >
    <View
      style={
        {
          "alignItems": "stretch",
          "flexDirection": "column",
          "flexGrow": 1,
          "gap": 4,
        }
      }
    >
      <View
        style={
          {
            "alignItems": "flex-start",
            "flexDirection": "row",
            "justifyContent": "space-between",
            "minHeight": 56,
            "opacity": 1,
            "paddingBottom": 8,
            "paddingTop": 8,
          }
        }
      >
        <View
          style={
            {
              "alignItems": "center",
              "flexDirection": "row",
              "flexShrink": 1,
              "gap": 12,
              "overflow": "hidden",
            }
          }
        >
          <View
            style={
              {
                "alignItems": "stretch",
                "backgroundColor": "#CECECE",
                "borderBottomLeftRadius": 999999,
                "borderBottomRightRadius": 999999,
                "borderTopLeftRadius": 999999,
                "borderTopRightRadius": 999999,
                "flexDirection": "column",
                "minHeight": 40,
                "minWidth": 40,
              }
            }
          />
          <View
            style={
              {
                "alignItems": "flex-start",
                "flexDirection": "column",
                "flexShrink": 1,
              }
            }
          >
            <View
              style={
                {
                  "alignItems": "center",
                  "flexDirection": "row",
                }
              }
            >
              <View
                style={
                  {
                    "alignItems": "center",
                    "flexDirection": "row",
                    "position": "relative",
                  }
                }
              >
                <View
                  accessibilityElementsHidden={true}
                  importantForAccessibility="no-hide-descendants"
                >
                  <Text
                    allowFontScaling={true}
                    maxFontSizeMultiplier={1.4}
                    numberOfLines={1}
                    style={
                      {
                        "color": "transparent",
                        "fontFamily": "Basel-Book",
                        "fontSize": 19,
                        "lineHeight": 24,
                        "opacity": 0,
                      }
                    }
                    suppressHighlighting={true}
                  >
                    Token Full Name
                  </Text>
                </View>
                <View
                  style={
                    {
                      "alignItems": "stretch",
                      "backgroundColor": "#F9F9F9",
                      "borderBottomLeftRadius": 4,
                      "borderBottomRightRadius": 4,
                      "borderTopLeftRadius": 4,
                      "borderTopRightRadius": 4,
                      "bottom": "5%",
                      "flexDirection": "column",
                      "left": 0,
                      "position": "absolute",
                      "right": 0,
                      "top": "5%",
                    }
                  }
                />
              </View>
            </View>
            <View
              style={
                {
                  "alignItems": "center",
                  "flexDirection": "row",
                  "gap": 8,
                  "minHeight": 20,
                }
              }
            >
              <View
                style={
                  {
                    "alignItems": "center",
                    "flexDirection": "row",
                  }
                }
              >
                <View
                  style={
                    {
                      "alignItems": "center",
                      "flexDirection": "row",
                      "position": "relative",
                    }
                  }
                >
                  <View
                    accessibilityElementsHidden={true}
                    importantForAccessibility="no-hide-descendants"
                  >
                    <Text
                      allowFontScaling={true}
                      maxFontSizeMultiplier={1.4}
                      numberOfLines={1}
                      style={
                        {
                          "color": "transparent",
                          "fontFamily": "Basel-Book",
                          "fontSize": 17,
                          "lineHeight": 24,
                          "opacity": 0,
                        }
                      }
                      suppressHighlighting={true}
                    >
                      1,000 TFN
                    </Text>
                  </View>
                  <View
                    style={
                      {
                        "alignItems": "stretch",
                        "backgroundColor": "#F9F9F9",
                        "borderBottomLeftRadius": 4,
                        "borderBottomRightRadius": 4,
                        "borderTopLeftRadius": 4,
                        "borderTopRightRadius": 4,
                        "bottom": "5%",
                        "flexDirection": "column",
                        "left": 0,
                        "position": "absolute",
                        "right": 0,
                        "top": "5%",
                      }
                    }
                  />
                </View>
              </View>
            </View>
          </View>
        </View>
      </View>
      <View
        style={
          {
            "alignItems": "flex-start",
            "flexDirection": "row",
            "justifyContent": "space-between",
            "minHeight": 56,
            "opacity": 0.5,
            "paddingBottom": 8,
            "paddingTop": 8,
          }
        }
      >
        <View
          style={
            {
              "alignItems": "center",
              "flexDirection": "row",
              "flexShrink": 1,
              "gap": 12,
              "overflow": "hidden",
            }
          }
        >
          <View
            style={
              {
                "alignItems": "stretch",
                "backgroundColor": "#CECECE",
                "borderBottomLeftRadius": 999999,
                "borderBottomRightRadius": 999999,
                "borderTopLeftRadius": 999999,
                "borderTopRightRadius": 999999,
                "flexDirection": "column",
                "minHeight": 40,
                "minWidth": 40,
              }
            }
          />
          <View
            style={
              {
                "alignItems": "flex-start",
                "flexDirection": "column",
                "flexShrink": 1,
              }
            }
          >
            <View
              style={
                {
                  "alignItems": "center",
                  "flexDirection": "row",
                }
              }
            >
              <View
                style={
                  {
                    "alignItems": "center",
                    "flexDirection": "row",
                    "position": "relative",
                  }
                }
              >
                <View
                  accessibilityElementsHidden={true}
                  importantForAccessibility="no-hide-descendants"
                >
                  <Text
                    allowFontScaling={true}
                    maxFontSizeMultiplier={1.4}
                    numberOfLines={1}
                    style={
                      {
                        "color": "transparent",
                        "fontFamily": "Basel-Book",
                        "fontSize": 19,
                        "lineHeight": 24,
                        "opacity": 0,
                      }
                    }
                    suppressHighlighting={true}
                  >
                    Token Full Name
                  </Text>
                </View>
                <View
                  style={
                    {
                      "alignItems": "stretch",
                      "backgroundColor": "#F9F9F9",
                      "borderBottomLeftRadius": 4,
                      "borderBottomRightRadius": 4,
                      "borderTopLeftRadius": 4,
                      "borderTopRightRadius": 4,
                      "bottom": "5%",
                      "flexDirection": "column",
                      "left": 0,
                      "position": "absolute",
                      "right": 0,
                      "top": "5%",
                    }
                  }
                />
              </View>
            </View>
            <View
              style={
                {
                  "alignItems": "center",
                  "flexDirection": "row",
                  "gap": 8,
                  "minHeight": 20,
                }
              }
            >
              <View
                style={
                  {
                    "alignItems": "center",
                    "flexDirection": "row",
                  }
                }
              >
                <View
                  style={
                    {
                      "alignItems": "center",
                      "flexDirection": "row",
                      "position": "relative",
                    }
                  }
                >
                  <View
                    accessibilityElementsHidden={true}
                    importantForAccessibility="no-hide-descendants"
                  >
                    <Text
                      allowFontScaling={true}
                      maxFontSizeMultiplier={1.4}
                      numberOfLines={1}
                      style={
                        {
                          "color": "transparent",
                          "fontFamily": "Basel-Book",
                          "fontSize": 17,
                          "lineHeight": 24,
                          "opacity": 0,
                        }
                      }
                      suppressHighlighting={true}
                    >
                      1,000 TFN
                    </Text>
                  </View>
                  <View
                    style={
                      {
                        "alignItems": "stretch",
                        "backgroundColor": "#F9F9F9",
                        "borderBottomLeftRadius": 4,
                        "borderBottomRightRadius": 4,
                        "borderTopLeftRadius": 4,
                        "borderTopRightRadius": 4,
                        "bottom": "5%",
                        "flexDirection": "column",
                        "left": 0,
                        "position": "absolute",
                        "right": 0,
                        "top": "5%",
                      }
                    }
                  />
                </View>
              </View>
            </View>
          </View>
        </View>
      </View>
    </View>
  </View>
</View>
`;

exports[`SearchPopularTokens renders without error 2`] = `
<RCTScrollView
  data={
    [
      {
        "address": null,
        "chainId": 1,
        "logoUrl": "https://loremflickr.com/640/480",
        "name": "Ethereum",
        "symbol": "ETH",
        "type": 1,
      },
      {
        "address": "0xA0b86991c6218b36c1d19D4a2e9Eb0cE3606eB48",
        "chainId": 1,
        "logoUrl": "https://loremflickr.com/640/480",
        "name": "USD Coin",
        "symbol": "USDC",
        "type": 1,
      },
    ]
  }
  getItem={[Function]}
  getItemCount={[Function]}
  keyExtractor={[Function]}
  onContentSizeChange={[Function]}
  onLayout={[Function]}
  onMomentumScrollBegin={[Function]}
  onMomentumScrollEnd={[Function]}
  onScroll={[Function]}
  onScrollBeginDrag={[Function]}
  onScrollEndDrag={[Function]}
  removeClippedSubviews={false}
  renderItem={[Function]}
  scrollEventThrottle={50}
  stickyHeaderIndices={[]}
  viewabilityConfigCallbackPairs={[]}
>
  <View>
    <View
      onFocusCapture={[Function]}
      onLayout={[Function]}
      style={null}
    >
      <View
        actions={
          [
            {
              "onPress": [Function],
              "systemIcon": "heart.fill",
              "title": "Remove favorite",
            },
            {
              "onPress": [Function],
              "systemIcon": "arrow.2.squarepath",
              "title": "Swap",
            },
            {
              "onPress": [Function],
              "systemIcon": "square.and.arrow.up",
              "title": "Share",
            },
          ]
        }
        onPress={[Function]}
      >
        <View
          accessibilityState={
            {
              "busy": undefined,
              "checked": undefined,
              "disabled": undefined,
              "expanded": undefined,
              "selected": undefined,
            }
          }
          accessibilityValue={
            {
              "max": undefined,
              "min": undefined,
              "now": undefined,
              "text": undefined,
            }
          }
          accessible={true}
          collapsable={false}
          focusable={true}
          hitSlop={
            {
              "bottom": 5,
              "left": 5,
              "right": 5,
              "top": 5,
            }
          }
          onClick={[Function]}
          onResponderGrant={[Function]}
          onResponderMove={[Function]}
          onResponderRelease={[Function]}
          onResponderTerminate={[Function]}
          onResponderTerminationRequest={[Function]}
          onStartShouldSetResponder={[Function]}
          style={
            {
              "opacity": 1,
            }
          }
          testID="search-token-item"
        >
          <View
            style={
              {
                "alignItems": "center",
                "flexDirection": "row",
                "gap": 12,
                "paddingBottom": 12,
                "paddingLeft": 8,
                "paddingRight": 8,
                "paddingTop": 12,
              }
            }
          >
            <View
              style={
                {
                  "alignItems": "center",
                  "flexDirection": "column",
                  "height": 40,
                  "justifyContent": "center",
                  "width": 40,
                }
              }
            >
              <Image
                source={
                  {
                    "uri": "https://loremflickr.com/640/480",
                  }
                }
                style={
                  [
                    {
                      "resizeMode": "contain",
                    },
                    {
                      "backgroundColor": "#2222220D",
                      "borderColor": "#2222220D",
                      "borderRadius": 20,
                      "borderWidth": 0.5,
                      "height": 40,
                      "width": 40,
                    },
                  ]
                }
              />
            </View>
            <View
              style={
                {
                  "alignItems": "flex-start",
                  "flexDirection": "column",
                  "flexShrink": 1,
                }
              }
            >
              <View
                style={
                  {
                    "alignItems": "center",
                    "flexDirection": "row",
                    "gap": 8,
                    "justifyContent": "center",
                  }
                }
              >
                <View
                  style={
                    {
                      "alignItems": "stretch",
                      "flexDirection": "column",
                      "flexShrink": 1,
                    }
                  }
                >
                  <Text
                    allowFontScaling={true}
                    maxFontSizeMultiplier={1.4}
                    numberOfLines={1}
                    style={
                      {
                        "color": "#222222",
                        "fontFamily": "Basel-Book",
                        "fontSize": 19,
                        "lineHeight": 24,
                      }
                    }
                    suppressHighlighting={true}
                  >
                    Ethereum
                  </Text>
                </View>
              </View>
              <View
                style={
                  {
                    "alignItems": "center",
                    "flexDirection": "row",
                    "gap": 8,
                    "justifyContent": "center",
                  }
                }
              >
                <Text
                  allowFontScaling={true}
                  maxFontSizeMultiplier={1.4}
                  numberOfLines={1}
                  style={
                    {
                      "color": "#7D7D7D",
                      "fontFamily": "Basel-Book",
                      "fontSize": 17,
                      "lineHeight": 24,
                    }
                  }
                  suppressHighlighting={true}
                >
                  ETH
                </Text>
              </View>
            </View>
          </View>
        </View>
      </View>
    </View>
    <View
      onFocusCapture={[Function]}
      onLayout={[Function]}
      style={null}
    >
      <View
        actions={
          [
            {
              "onPress": [Function],
              "systemIcon": "heart",
              "title": "Favorite token",
            },
            {
              "onPress": [Function],
              "systemIcon": "arrow.2.squarepath",
              "title": "Swap",
            },
            {
              "onPress": [Function],
              "systemIcon": "square.and.arrow.up",
              "title": "Share",
            },
          ]
        }
        onPress={[Function]}
      >
        <View
          accessibilityState={
            {
              "busy": undefined,
              "checked": undefined,
              "disabled": undefined,
              "expanded": undefined,
              "selected": undefined,
            }
          }
          accessibilityValue={
            {
              "max": undefined,
              "min": undefined,
              "now": undefined,
              "text": undefined,
            }
          }
          accessible={true}
          collapsable={false}
          focusable={true}
          hitSlop={
            {
              "bottom": 5,
              "left": 5,
              "right": 5,
              "top": 5,
            }
          }
          onClick={[Function]}
          onResponderGrant={[Function]}
          onResponderMove={[Function]}
          onResponderRelease={[Function]}
          onResponderTerminate={[Function]}
          onResponderTerminationRequest={[Function]}
          onStartShouldSetResponder={[Function]}
          style={
            {
              "opacity": 1,
            }
          }
          testID="search-token-item"
        >
          <View
            style={
              {
                "alignItems": "center",
                "flexDirection": "row",
                "gap": 12,
                "paddingBottom": 12,
                "paddingLeft": 8,
                "paddingRight": 8,
                "paddingTop": 12,
              }
            }
          >
            <View
              style={
                {
                  "alignItems": "center",
                  "flexDirection": "column",
                  "height": 40,
                  "justifyContent": "center",
                  "width": 40,
                }
              }
            >
              <Image
                source={
                  {
                    "uri": "https://loremflickr.com/640/480",
                  }
                }
                style={
                  [
                    {
                      "resizeMode": "contain",
                    },
                    {
                      "backgroundColor": "#2222220D",
                      "borderColor": "#2222220D",
                      "borderRadius": 20,
                      "borderWidth": 0.5,
                      "height": 40,
                      "width": 40,
                    },
                  ]
                }
              />
            </View>
            <View
              style={
                {
                  "alignItems": "flex-start",
                  "flexDirection": "column",
                  "flexShrink": 1,
                }
              }
            >
              <View
                style={
                  {
                    "alignItems": "center",
                    "flexDirection": "row",
                    "gap": 8,
                    "justifyContent": "center",
                  }
                }
              >
                <View
                  style={
                    {
                      "alignItems": "stretch",
                      "flexDirection": "column",
                      "flexShrink": 1,
                    }
                  }
                >
                  <Text
                    allowFontScaling={true}
                    maxFontSizeMultiplier={1.4}
                    numberOfLines={1}
                    style={
                      {
                        "color": "#222222",
                        "fontFamily": "Basel-Book",
                        "fontSize": 19,
                        "lineHeight": 24,
                      }
                    }
                    suppressHighlighting={true}
                  >
                    USD Coin
                  </Text>
                </View>
              </View>
              <View
                style={
                  {
                    "alignItems": "center",
                    "flexDirection": "row",
                    "gap": 8,
                    "justifyContent": "center",
                  }
                }
              >
                <Text
                  allowFontScaling={true}
                  maxFontSizeMultiplier={1.4}
                  numberOfLines={1}
                  style={
                    {
                      "color": "#7D7D7D",
                      "fontFamily": "Basel-Book",
                      "fontSize": 17,
                      "lineHeight": 24,
                    }
                  }
                  suppressHighlighting={true}
                >
                  USDC
                </Text>
                <View
                  style={
                    {
                      "alignItems": "stretch",
                      "flexDirection": "column",
                      "flexShrink": 1,
                    }
                  }
                >
                  <Text
                    allowFontScaling={true}
                    maxFontSizeMultiplier={1.4}
                    numberOfLines={1}
                    style={
                      {
                        "color": "#7D7D7D",
                        "fontFamily": "Basel-Book",
                        "fontSize": 17,
                        "lineHeight": 24,
                      }
                    }
                    suppressHighlighting={true}
                  >
                    0xA0b8...eB48
                  </Text>
                </View>
              </View>
            </View>
          </View>
        </View>
      </View>
    </View>
  </View>
</RCTScrollView>
`;
