// Jest Snapshot v1, https://goo.gl/fbAQLP

exports[`FavoriteTokenCard renders without error 1`] = `
<View
  actions={
    [
      {
        "onPress": [Function],
        "systemIcon": "heart",
        "title": "Favorite token",
      },
      {
        "onPress": [Function],
        "systemIcon": "square.and.pencil",
        "title": "Edit favorites",
      },
      {
        "onPress": [Function],
        "systemIcon": "arrow.2.squarepath",
        "title": "Swap",
      },
      {
        "onPress": [Function],
        "systemIcon": "qrcode",
        "title": "Receive",
      },
    ]
  }
  disabled={false}
  onPress={[Function]}
  style={
    {
      "borderRadius": 16,
    }
  }
>
  <View
    collapsable={false}
    hitSlop={
      {
        "bottom": 5,
        "left": 5,
        "right": 5,
        "top": 5,
      }
    }
    onBlur={[Function]}
    onClick={[Function]}
    onFocus={[Function]}
    onResponderGrant={[Function]}
    onResponderMove={[Function]}
    onResponderRelease={[Function]}
    onResponderTerminate={[Function]}
    onResponderTerminationRequest={[Function]}
    onStartShouldSetResponder={[Function]}
    style={
      {
        "backgroundColor": {
          "dynamic": {
            "dark": "#131313",
            "light": "#FFFFFF",
          },
        },
        "borderBottomColor": "rgba(34,34,34,0.05)",
        "borderBottomLeftRadius": 16,
        "borderBottomRightRadius": 16,
        "borderBottomWidth": 1,
        "borderLeftColor": "rgba(34,34,34,0.05)",
        "borderLeftWidth": 1,
        "borderRightColor": "rgba(34,34,34,0.05)",
        "borderRightWidth": 1,
        "borderStyle": "solid",
        "borderTopColor": "rgba(34,34,34,0.05)",
        "borderTopLeftRadius": 16,
        "borderTopRightRadius": 16,
        "borderTopWidth": 1,
        "flexDirection": "column",
        "opacity": 1,
        "overflow": "hidden",
        "shadowColor": "rgb(0,0,0)",
        "shadowOffset": {
          "height": 1,
          "width": 0,
        },
        "shadowOpacity": 0.0196078431372549,
        "shadowRadius": 6,
        "transform": [
          {
            "scale": 1,
          },
        ],
      }
    }
    testID="token-box-undefined"
  >
    <View
      style={
        {
          "alignItems": "flex-start",
          "flexDirection": "column",
          "gap": 8,
          "paddingBottom": 12,
          "paddingLeft": 12,
          "paddingRight": 12,
          "paddingTop": 12,
        }
      }
    >
      <View
        style={
          {
            "flexDirection": "row",
            "gap": 4,
            "justifyContent": "space-between",
          }
        }
      >
        <View
          style={
            {
              "alignItems": "center",
              "flexDirection": "row",
              "flexGrow": 1,
              "gap": 8,
            }
          }
        >
          <View
            onLayout={[Function]}
            style={
              {
                "flexDirection": "column",
                "opacity": 0,
              }
            }
            testID="shimmer-placeholder"
          >
            <View
              style={
                {
                  "flexDirection": "column",
                }
              }
            >
              <View
                style={
                  {
                    "backgroundColor": {
                      "dynamic": {
                        "dark": "rgba(255, 255, 255, 0.38)",
                        "light": "rgba(19, 19, 19, 0.35)",
                      },
                    },
                    "borderBottomLeftRadius": 999999,
                    "borderBottomRightRadius": 999999,
                    "borderTopLeftRadius": 999999,
                    "borderTopRightRadius": 999999,
                    "flexDirection": "column",
                    "height": 20,
                    "width": 20,
                  }
                }
              />
            </View>
          </View>
          <Text
            allowFontScaling={true}
            maxFontSizeMultiplier={1.4}
            style={
              {
                "color": {
                  "dynamic": {
                    "dark": "#FFFFFF",
                    "light": "#131313",
                  },
                },
                "fontFamily": "Basel Grotesk",
                "fontSize": 19,
                "fontWeight": "400",
                "lineHeight": 24.7,
              }
            }
            suppressHighlighting={true}
          />
        </View>
        <View
          collapsable={false}
          disabled={true}
          hitSlop={
            {
              "bottom": 5,
              "left": 5,
              "right": 5,
              "top": 5,
            }
          }
          style={
            {
              "alignItems": "center",
              "backgroundColor": {
                "dynamic": {
                  "dark": "rgba(255, 255, 255, 0.38)",
                  "light": "rgba(19, 19, 19, 0.35)",
                },
              },
              "borderBottomLeftRadius": 999999,
              "borderBottomRightRadius": 999999,
              "borderTopLeftRadius": 999999,
              "borderTopRightRadius": 999999,
              "flexDirection": "column",
              "height": 24,
              "justifyContent": "center",
              "opacity": 0,
              "transform": [
                {
                  "scale": 1,
                },
              ],
              "width": 24,
              "zIndex": 1080,
            }
          }
          testID="explore/remove-button"
        >
          <View
            style={
              {
                "backgroundColor": {
                  "dynamic": {
                    "dark": "#131313",
                    "light": "#FFFFFF",
                  },
                },
                "borderBottomLeftRadius": 12,
                "borderBottomRightRadius": 12,
                "borderTopLeftRadius": 12,
                "borderTopRightRadius": 12,
                "flexDirection": "column",
                "height": 2,
                "width": 10,
              }
            }
          />
        </View>
      </View>
      <View
        style={
          {
            "flexDirection": "column",
            "gap": 2,
          }
        }
      >
        <View
          onLayout={[Function]}
          style={
            {
              "flexDirection": "column",
              "opacity": 0,
            }
          }
          testID="shimmer-placeholder"
        >
          <View
            style={
              {
                "flexDirection": "column",
              }
            }
          >
            <View
              style={
                {
                  "backgroundColor": {
                    "dynamic": {
                      "dark": "rgba(255, 255, 255, 0.38)",
                      "light": "rgba(19, 19, 19, 0.35)",
                    },
                  },
                  "borderBottomLeftRadius": 12,
                  "borderBottomRightRadius": 12,
                  "borderTopLeftRadius": 12,
                  "borderTopRightRadius": 12,
                  "flexDirection": "column",
                  "height": 30,
                  "width": 90,
                }
              }
              testID="loader/favorite/price"
            />
          </View>
        </View>
        <View
          onLayout={[Function]}
          style={
            {
              "flexDirection": "column",
              "opacity": 0,
            }
          }
          testID="shimmer-placeholder"
        >
          <View
            style={
              {
                "flexDirection": "column",
              }
            }
          >
            <View
              style={
                {
                  "backgroundColor": {
                    "dynamic": {
                      "dark": "rgba(255, 255, 255, 0.38)",
                      "light": "rgba(19, 19, 19, 0.35)",
                    },
                  },
                  "borderBottomLeftRadius": 12,
                  "borderBottomRightRadius": 12,
                  "borderTopLeftRadius": 12,
                  "borderTopRightRadius": 12,
                  "flexDirection": "column",
                  "height": 20,
                  "width": 60,
                }
              }
              testID="loader/favorite/priceChange"
            />
          </View>
        </View>
      </View>
    </View>
  </View>
</View>
`;
