// Jest Snapshot v1, https://goo.gl/fbAQLP

exports[`SwapSkeleton.tsx renders a skeleton 1`] = `
<DocumentFragment>
  .c9 {
  display: -webkit-inline-box;
  display: -webkit-inline-flex;
  display: -ms-inline-flexbox;
  display: inline-flex;
  -webkit-align-items: center;
  -webkit-box-align: center;
  -ms-flex-align: center;
  align-items: center;
  -webkit-box-pack: center;
  -webkit-justify-content: center;
  -ms-flex-pack: center;
  justify-content: center;
  width: 100%;
  height: 100%;
}

.c2 {
  color: #131313;
  -webkit-letter-spacing: -0.01em;
  -moz-letter-spacing: -0.01em;
  -ms-letter-spacing: -0.01em;
  letter-spacing: -0.01em;
}

.c0 {
  display: -webkit-box;
  display: -webkit-flex;
  display: -ms-flexbox;
  display: flex;
  -webkit-flex-direction: column;
  -ms-flex-direction: column;
  flex-direction: column;
  gap: 4px;
  -webkit-box-pack: justify;
  -webkit-justify-content: space-between;
  -ms-flex-pack: justify;
  justify-content: space-between;
  padding: 8px;
  border: 1px solid rgba(34,34,34,0.05);
  border-radius: 16px;
  background-color: #FFFFFF;
}

.c5 {
  background-color: #F9F9F9;
  border-radius: 4px;
  height: 56px;
  width: 60px;
}

.c7 {
  background-color: #F9F9F9;
  border-radius: 16px;
  height: 56px;
  width: 100px;
}

.c10 {
  background-color: #F9F9F9;
  border-radius: 16px;
  height: 56px;
  width: 100%;
}

.c6 {
  background-color: rgba(34,34,34,0.05);
  height: 36px;
}

.c1 {
  padding: 8px;
}

.c4 {
  display: -webkit-box;
  display: -webkit-flex;
  display: -ms-flexbox;
  display: flex;
  -webkit-align-items: center;
  -webkit-box-align: center;
  -ms-flex-align: center;
  align-items: center;
  -webkit-box-pack: justify;
  -webkit-justify-content: space-between;
  -ms-flex-pack: justify;
  justify-content: space-between;
}

.c3 {
  display: -webkit-box;
  display: -webkit-flex;
  display: -ms-flexbox;
  display: flex;
  -webkit-flex-flow: column;
  -ms-flex-flow: column;
  flex-flow: column;
  background-color: #F9F9F9;
  border-radius: 16px;
  display: -webkit-box;
  display: -webkit-flex;
  display: -ms-flexbox;
  display: flex;
  gap: 30px;
  padding: 48px 12px;
}

.c8 {
  position: relative;
}

<span
    class=""
    style="display: contents;"
  >
    <div
      class="c0"
    >
      <div
        class="c1"
      >
        <div
          class="c2 css-n8z49y"
        >
          Swap
        </div>
      </div>
      <div
        class="c3"
      >
        <div
          class="c4"
        >
          <div
            class="c5 c6"
            width="60"
          />
          <div
            class="c7 c6"
            radius="16"
            width="100"
          />
        </div>
      </div>
      <div
        class="c8"
      >
        <div
          class="_alignItems-stretch _flexBasis-auto _boxSizing-border-box _minHeight-0px _minWidth-0px _flexShrink-0 _flexDirection-column _display-flex _borderTopLeftRadius-t-radius-ro291586453 _borderTopRightRadius-t-radius-ro291586453 _borderBottomRightRadius-t-radius-ro291586453 _borderBottomLeftRadius-t-radius-ro291586453 _height-40px _width-40px _mt-0px _mb-0px _ml-0px _mr-0px _backgroundColor-surface2 _borderTopWidth-t-space-spa94665589 _borderRightWidth-t-space-spa94665589 _borderBottomWidth-t-space-spa94665589 _borderLeftWidth-t-space-spa94665589 _borderTopStyle-solid _borderRightStyle-solid _borderBottomStyle-solid _borderLeftStyle-solid _borderTopColor-surface1 _borderRightColor-surface1 _borderBottomColor-surface1 _borderLeftColor-surface1 _zIndex-2 _position-absolute _left-5037 _transform-translate-51285172859"
        >
          <div
            class="c9"
          >
            <svg
              fill="none"
              height="16"
              stroke="rgba(19, 19, 19, 0.35)"
              stroke-linecap="round"
              stroke-linejoin="round"
              stroke-width="2"
              viewBox="0 0 24 24"
              width="16"
              xmlns="http://www.w3.org/2000/svg"
            >
              <line
                x1="12"
                x2="12"
                y1="5"
                y2="19"
              />
              <polyline
                points="19 12 12 19 5 12"
              />
            </svg>
          </div>
        </div>
        <div
          class="c3"
        >
          <div
            class="c4"
          >
            <div
              class="c5 c6"
              width="60"
            />
            <div
              class="c7 c6"
              radius="16"
              width="100"
            />
          </div>
        </div>
      </div>
      <div
        class="c10"
        radius="16"
      />
    </div>
    <div
      style="display: contents;"
    />
  </span>
</DocumentFragment>
`;
