// Jest Snapshot v1, https://goo.gl/fbAQLP

exports[`LimitPriceInputPanel should render correct subheader with inputCurrency defined, but no price 1`] = `
.c2 {
  box-sizing: border-box;
  margin: 0;
  min-width: 0;
}

.c9 {
  box-sizing: border-box;
  margin: 0;
  min-width: 0;
  margin-top: 8px;
}

.c11 {
  box-sizing: border-box;
  margin: 0;
  min-width: 0;
  width: unset;
}

.c3 {
  width: 100%;
  display: -webkit-box;
  display: -webkit-flex;
  display: -ms-flexbox;
  display: flex;
  padding: 0;
  -webkit-align-items: center;
  -webkit-box-align: center;
  -ms-flex-align: center;
  align-items: center;
  -webkit-box-pack: justify;
  -webkit-justify-content: space-between;
  -ms-flex-pack: justify;
  justify-content: space-between;
}

.c10 {
  width: 100%;
  display: -webkit-box;
  display: -webkit-flex;
  display: -ms-flexbox;
  display: flex;
  padding: 0;
  -webkit-align-items: center;
  -webkit-box-align: center;
  -ms-flex-align: center;
  align-items: center;
  -webkit-box-pack: start;
  -webkit-justify-content: flex-start;
  -ms-flex-pack: start;
  justify-content: flex-start;
  gap: 8px;
}

.c12 {
  width: unset;
  display: -webkit-box;
  display: -webkit-flex;
  display: -ms-flexbox;
  display: flex;
  padding: 0;
  -webkit-align-items: center;
  -webkit-box-align: center;
  -ms-flex-align: center;
  align-items: center;
  -webkit-box-pack: start;
  -webkit-justify-content: flex-start;
  -ms-flex-pack: start;
  justify-content: flex-start;
  gap: 1px;
}

.c4 {
  color: #7D7D7D;
  -webkit-letter-spacing: -0.01em;
  -moz-letter-spacing: -0.01em;
  -ms-letter-spacing: -0.01em;
  letter-spacing: -0.01em;
}

.c14 {
  -webkit-letter-spacing: -0.01em;
  -moz-letter-spacing: -0.01em;
  -ms-letter-spacing: -0.01em;
  letter-spacing: -0.01em;
}

.c13 {
  color: #7D7D7D;
  padding: 2px 8px;
  height: 28px;
  display: -webkit-box;
  display: -webkit-flex;
  display: -ms-flexbox;
  display: flex;
  -webkit-box-pack: center;
  -webkit-justify-content: center;
  -ms-flex-pack: center;
  justify-content: center;
  -webkit-align-items: center;
  -webkit-box-align: center;
  -ms-flex-align: center;
  align-items: center;
  background-color: unset;
  border-radius: 999px;
  border: 1px solid #22222212;
}

.c7 {
  color: #222222;
  pointer-events: none;
  width: 0;
  position: relative;
  font-weight: 485;
  outline: none;
  border: none;
  -webkit-flex: 1 1 auto;
  -ms-flex: 1 1 auto;
  flex: 1 1 auto;
  background-color: transparent;
  font-size: 28px;
  white-space: nowrap;
  overflow: hidden;
  text-overflow: ellipsis;
  padding: 0px;
  -webkit-appearance: textfield;
  text-align: right;
}

.c7::-webkit-search-decoration {
  -webkit-appearance: none;
}

.c7 [type='number'] {
  -moz-appearance: textfield;
}

.c7::-webkit-outer-spin-button,
.c7::-webkit-inner-spin-button {
  -webkit-appearance: none;
}

.c7::-webkit-input-placeholder {
  color: #CECECE;
}

.c7::-moz-placeholder {
  color: #CECECE;
}

.c7:-ms-input-placeholder {
  color: #CECECE;
}

.c7::placeholder {
  color: #CECECE;
}

.c8 {
  -webkit-filter: none;
  filter: none;
  opacity: 1;
  -webkit-transition: opacity 250ms ease-in-out;
  transition: opacity 250ms ease-in-out;
  text-align: left;
  font-size: 36px;
  font-weight: 485;
  max-height: 44px;
}

.c0 {
  display: -webkit-box;
  display: -webkit-flex;
  display: -ms-flexbox;
  display: flex;
  -webkit-flex-flow: column nowrap;
  -ms-flex-flow: column nowrap;
  flex-flow: column nowrap;
  position: relative;
  border-radius: 20px;
  z-index: 1;
  width: initial;
  -webkit-transition: height 1s ease;
  transition: height 1s ease;
  will-change: height;
}

.c1 {
  gap: 4px;
}

.c5 {
  display: -webkit-box;
  display: -webkit-flex;
  display: -ms-flexbox;
  display: flex;
  -webkit-box-pack: end;
  -webkit-justify-content: flex-end;
  -ms-flex-pack: end;
  justify-content: flex-end;
  -webkit-text-decoration: none;
  text-decoration: none;
  cursor: pointer;
  -webkit-transition-duration: 125ms;
  transition-duration: 125ms;
}

.c5:hover {
  opacity: 0.6;
}

.c5:active {
  opacity: 0.4;
}

.c6 {
  display: -webkit-box;
  display: -webkit-flex;
  display: -ms-flexbox;
  display: flex;
  -webkit-box-flex: 1;
  -webkit-flex-grow: 1;
  -ms-flex-positive: 1;
  flex-grow: 1;
}

<span
  class=""
  style="display: contents;"
>
  <span
    class=" _dsp_contents"
  >
    <span
      class=" t_light _dsp_contents is_Theme"
    >
      <div
        class="c0 c1"
      >
        <div
          class="c2 c3"
        >
          <div
            class="c4 css-142zc9n"
            style="user-select: none;"
          >
            Limit price
          </div>
          <div
            class="c5"
          >
            <svg
              fill="none"
              height="16px"
              viewBox="0 3 24 24"
              width="16px"
              xmlns="http://www.w3.org/2000/svg"
            >
              <path
                d="M19.4834 5.71191C19.0879 5.29883 18.4727 5.30762 18.0859 5.71191L13.6562 10.2471C13.4805 10.4229 13.3662 10.6953 13.3662 10.9326C13.3662 11.4863 13.7529 11.8643 14.2979 11.8643C14.5615 11.8643 14.7725 11.7764 14.9482 11.5918L16.7588 9.71094L17.9189 8.375L17.8486 10.2383L17.8486 21.6465C17.8486 22.1914 18.2441 22.5869 18.7891 22.5869C19.334 22.5869 19.7207 22.1914 19.7207 21.6465L19.7207 10.2383L19.6592 8.375L20.8105 9.71094L22.6211 11.5918C22.7969 11.7764 23.0166 11.8643 23.2803 11.8643C23.8164 11.8643 24.2031 11.4863 24.2031 10.9326C24.2031 10.6953 24.0889 10.4229 23.9131 10.2471L19.4834 5.71191ZM7.84668 22.2793C8.24218 22.6924 8.85742 22.6836 9.24414 22.2793L13.6738 17.7529C13.8496 17.5684 13.9639 17.2959 13.9639 17.0586C13.9639 16.5137 13.5771 16.1357 13.0322 16.1357C12.7773 16.1357 12.5576 16.2236 12.3818 16.3994L10.5713 18.2803L9.41992 19.6162L9.48144 17.7529L9.48144 6.34473C9.48144 5.80859 9.08594 5.4043 8.54101 5.4043C8.00488 5.4043 7.60937 5.80859 7.60937 6.34473L7.60937 17.7529L7.6709 19.6162L6.51953 18.2803L4.70898 16.3994C4.5332 16.2236 4.31347 16.1357 4.05859 16.1357C3.51367 16.1357 3.12695 16.5137 3.12695 17.0586C3.12695 17.2959 3.24121 17.5684 3.41699 17.7529L7.84668 22.2793Z"
                fill="currentColor"
              />
            </svg>
          </div>
        </div>
        <div
          class="c6"
        >
          <input
            autocomplete="off"
            autocorrect="off"
            class="c7 c8 limit-price-input"
            disabled=""
            inputmode="decimal"
            maxlength="79"
            minlength="1"
            pattern="^[0-9]*[.,]?[0-9]*$"
            placeholder="0"
            spellcheck="false"
            type="text"
            value=""
          />
        </div>
        <div
          class="c9 c3"
        >
          <div
            class="c2 c10"
          >
            <div
              class="c11 c12"
              width="unset"
            >
              <button
                class="c13"
              >
                <div
                  class="c14 css-1guhfcl"
                >
                  Market
                </div>
              </button>
            </div>
            <button
              class="c13"
            >
              <div
                class="c14 css-1guhfcl"
              >
                +
                1%
              </div>
            </button>
            <button
              class="c13"
            >
              <div
                class="c14 css-1guhfcl"
              >
                +
                5%
              </div>
            </button>
            <button
              class="c13"
            >
              <div
                class="c14 css-1guhfcl"
              >
                +
                10%
              </div>
            </button>
          </div>
        </div>
        <span
          class="font_body _fontFamily-299667014 _display-inline _boxSizing-border-box _wordWrap-break-word _whiteSpace-pre-wrap _position-absolute _width-1px _height-1px _mt--1px _mr--1px _mb--1px _ml--1px _zIndex--10000 _overflowX-hidden _overflowY-hidden _opacity-1e-8 _pointerEvents-none"
        >
          <h2
            class="is_DialogTitle font_heading _display-inline _boxSizing-border-box _wordWrap-break-word _color-675002279 _fontFamily-299667014 _fontWeight-233016078 _fontSize-229441158 _lineHeight-222976511 _userSelect-auto _whiteSpace-normal _mt-0px _mr-0px _mb-0px _ml-0px"
            data-disable-theme="true"
            id="title-:r3:"
            role="heading"
          />
        </span>
      </div>
    </span>
  </span>
</span>
`;

exports[`LimitPriceInputPanel should render the component with no currencies selected 1`] = `
.c2 {
  box-sizing: border-box;
  margin: 0;
  min-width: 0;
}

.c9 {
  box-sizing: border-box;
  margin: 0;
  min-width: 0;
  margin-top: 8px;
}

.c11 {
  box-sizing: border-box;
  margin: 0;
  min-width: 0;
  width: unset;
}

.c3 {
  width: 100%;
  display: -webkit-box;
  display: -webkit-flex;
  display: -ms-flexbox;
  display: flex;
  padding: 0;
  -webkit-align-items: center;
  -webkit-box-align: center;
  -ms-flex-align: center;
  align-items: center;
  -webkit-box-pack: justify;
  -webkit-justify-content: space-between;
  -ms-flex-pack: justify;
  justify-content: space-between;
}

.c10 {
  width: 100%;
  display: -webkit-box;
  display: -webkit-flex;
  display: -ms-flexbox;
  display: flex;
  padding: 0;
  -webkit-align-items: center;
  -webkit-box-align: center;
  -ms-flex-align: center;
  align-items: center;
  -webkit-box-pack: start;
  -webkit-justify-content: flex-start;
  -ms-flex-pack: start;
  justify-content: flex-start;
  gap: 8px;
}

.c12 {
  width: unset;
  display: -webkit-box;
  display: -webkit-flex;
  display: -ms-flexbox;
  display: flex;
  padding: 0;
  -webkit-align-items: center;
  -webkit-box-align: center;
  -ms-flex-align: center;
  align-items: center;
  -webkit-box-pack: start;
  -webkit-justify-content: flex-start;
  -ms-flex-pack: start;
  justify-content: flex-start;
  gap: 1px;
}

.c4 {
  color: #7D7D7D;
  -webkit-letter-spacing: -0.01em;
  -moz-letter-spacing: -0.01em;
  -ms-letter-spacing: -0.01em;
  letter-spacing: -0.01em;
}

.c14 {
  -webkit-letter-spacing: -0.01em;
  -moz-letter-spacing: -0.01em;
  -ms-letter-spacing: -0.01em;
  letter-spacing: -0.01em;
}

.c13 {
  color: #7D7D7D;
  padding: 2px 8px;
  height: 28px;
  display: -webkit-box;
  display: -webkit-flex;
  display: -ms-flexbox;
  display: flex;
  -webkit-box-pack: center;
  -webkit-justify-content: center;
  -ms-flex-pack: center;
  justify-content: center;
  -webkit-align-items: center;
  -webkit-box-align: center;
  -ms-flex-align: center;
  align-items: center;
  background-color: unset;
  border-radius: 999px;
  border: 1px solid #22222212;
}

.c7 {
  color: #222222;
  pointer-events: none;
  width: 0;
  position: relative;
  font-weight: 485;
  outline: none;
  border: none;
  -webkit-flex: 1 1 auto;
  -ms-flex: 1 1 auto;
  flex: 1 1 auto;
  background-color: transparent;
  font-size: 28px;
  white-space: nowrap;
  overflow: hidden;
  text-overflow: ellipsis;
  padding: 0px;
  -webkit-appearance: textfield;
  text-align: right;
}

.c7::-webkit-search-decoration {
  -webkit-appearance: none;
}

.c7 [type='number'] {
  -moz-appearance: textfield;
}

.c7::-webkit-outer-spin-button,
.c7::-webkit-inner-spin-button {
  -webkit-appearance: none;
}

.c7::-webkit-input-placeholder {
  color: #CECECE;
}

.c7::-moz-placeholder {
  color: #CECECE;
}

.c7:-ms-input-placeholder {
  color: #CECECE;
}

.c7::placeholder {
  color: #CECECE;
}

.c8 {
  -webkit-filter: none;
  filter: none;
  opacity: 1;
  -webkit-transition: opacity 250ms ease-in-out;
  transition: opacity 250ms ease-in-out;
  text-align: left;
  font-size: 36px;
  font-weight: 485;
  max-height: 44px;
}

.c0 {
  display: -webkit-box;
  display: -webkit-flex;
  display: -ms-flexbox;
  display: flex;
  -webkit-flex-flow: column nowrap;
  -ms-flex-flow: column nowrap;
  flex-flow: column nowrap;
  position: relative;
  border-radius: 20px;
  z-index: 1;
  width: initial;
  -webkit-transition: height 1s ease;
  transition: height 1s ease;
  will-change: height;
}

.c1 {
  gap: 4px;
}

.c5 {
  display: -webkit-box;
  display: -webkit-flex;
  display: -ms-flexbox;
  display: flex;
  -webkit-box-pack: end;
  -webkit-justify-content: flex-end;
  -ms-flex-pack: end;
  justify-content: flex-end;
  -webkit-text-decoration: none;
  text-decoration: none;
  cursor: pointer;
  -webkit-transition-duration: 125ms;
  transition-duration: 125ms;
}

.c5:hover {
  opacity: 0.6;
}

.c5:active {
  opacity: 0.4;
}

.c6 {
  display: -webkit-box;
  display: -webkit-flex;
  display: -ms-flexbox;
  display: flex;
  -webkit-box-flex: 1;
  -webkit-flex-grow: 1;
  -ms-flex-positive: 1;
  flex-grow: 1;
}

<span
  class=""
  style="display: contents;"
>
  <span
    class=" _dsp_contents"
  >
    <span
      class=" t_light _dsp_contents is_Theme"
    >
      <div
        class="c0 c1"
      >
        <div
          class="c2 c3"
        >
          <div
            class="c4 css-142zc9n"
            style="user-select: none;"
          >
            Limit price
          </div>
          <div
            class="c5"
          >
            <svg
              fill="none"
              height="16px"
              viewBox="0 3 24 24"
              width="16px"
              xmlns="http://www.w3.org/2000/svg"
            >
              <path
                d="M19.4834 5.71191C19.0879 5.29883 18.4727 5.30762 18.0859 5.71191L13.6562 10.2471C13.4805 10.4229 13.3662 10.6953 13.3662 10.9326C13.3662 11.4863 13.7529 11.8643 14.2979 11.8643C14.5615 11.8643 14.7725 11.7764 14.9482 11.5918L16.7588 9.71094L17.9189 8.375L17.8486 10.2383L17.8486 21.6465C17.8486 22.1914 18.2441 22.5869 18.7891 22.5869C19.334 22.5869 19.7207 22.1914 19.7207 21.6465L19.7207 10.2383L19.6592 8.375L20.8105 9.71094L22.6211 11.5918C22.7969 11.7764 23.0166 11.8643 23.2803 11.8643C23.8164 11.8643 24.2031 11.4863 24.2031 10.9326C24.2031 10.6953 24.0889 10.4229 23.9131 10.2471L19.4834 5.71191ZM7.84668 22.2793C8.24218 22.6924 8.85742 22.6836 9.24414 22.2793L13.6738 17.7529C13.8496 17.5684 13.9639 17.2959 13.9639 17.0586C13.9639 16.5137 13.5771 16.1357 13.0322 16.1357C12.7773 16.1357 12.5576 16.2236 12.3818 16.3994L10.5713 18.2803L9.41992 19.6162L9.48144 17.7529L9.48144 6.34473C9.48144 5.80859 9.08594 5.4043 8.54101 5.4043C8.00488 5.4043 7.60937 5.80859 7.60937 6.34473L7.60937 17.7529L7.6709 19.6162L6.51953 18.2803L4.70898 16.3994C4.5332 16.2236 4.31347 16.1357 4.05859 16.1357C3.51367 16.1357 3.12695 16.5137 3.12695 17.0586C3.12695 17.2959 3.24121 17.5684 3.41699 17.7529L7.84668 22.2793Z"
                fill="currentColor"
              />
            </svg>
          </div>
        </div>
        <div
          class="c6"
        >
          <input
            autocomplete="off"
            autocorrect="off"
            class="c7 c8 limit-price-input"
            disabled=""
            inputmode="decimal"
            maxlength="79"
            minlength="1"
            pattern="^[0-9]*[.,]?[0-9]*$"
            placeholder="0"
            spellcheck="false"
            type="text"
            value=""
          />
        </div>
        <div
          class="c9 c3"
        >
          <div
            class="c2 c10"
          >
            <div
              class="c11 c12"
              width="unset"
            >
              <button
                class="c13"
              >
                <div
                  class="c14 css-1guhfcl"
                >
                  Market
                </div>
              </button>
            </div>
            <button
              class="c13"
            >
              <div
                class="c14 css-1guhfcl"
              >
                +
                1%
              </div>
            </button>
            <button
              class="c13"
            >
              <div
                class="c14 css-1guhfcl"
              >
                +
                5%
              </div>
            </button>
            <button
              class="c13"
            >
              <div
                class="c14 css-1guhfcl"
              >
                +
                10%
              </div>
            </button>
          </div>
        </div>
        <span
          class="font_body _fontFamily-299667014 _display-inline _boxSizing-border-box _wordWrap-break-word _whiteSpace-pre-wrap _position-absolute _width-1px _height-1px _mt--1px _mr--1px _mb--1px _ml--1px _zIndex--10000 _overflowX-hidden _overflowY-hidden _opacity-1e-8 _pointerEvents-none"
        >
          <h2
            class="is_DialogTitle font_heading _display-inline _boxSizing-border-box _wordWrap-break-word _color-675002279 _fontFamily-299667014 _fontWeight-233016078 _fontSize-229441158 _lineHeight-222976511 _userSelect-auto _whiteSpace-normal _mt-0px _mr-0px _mb-0px _ml-0px"
            data-disable-theme="true"
            id="title-:r0:"
            role="heading"
          />
        </span>
      </div>
    </span>
  </span>
</span>
`;
