// Jest Snapshot v1, https://goo.gl/fbAQLP

exports[`ConfirmSwapModal/Head should render correctly for a Limit order 1`] = `
<DocumentFragment>
  <span
    class=""
    style="display: contents;"
  >
    <div
      class="_display-flex _flexBasis-auto _boxSizing-border-box _position-relative _minHeight-0px _minWidth-0px _flexShrink-0 _flexDirection-row _justifyContent-space-betwe3241 _alignItems-center _gap-t-space-spa94665589 _width-10037"
    >
      <div
        class="_display-flex _alignItems-stretch _flexBasis-auto _boxSizing-border-box _position-relative _minHeight-0px _minWidth-0px _flexShrink-0 _flexDirection-column"
      >
        <span
          class="font_body _display-inline _boxSizing-border-box _whiteSpace-pre-wrap _mt-0px _mr-0px _mb-0px _ml-0px _color-neutral1 _fontFamily-f-family _wordWrap-break-word _fontSize-f-size-medi3736 _lineHeight-f-lineHeigh507465454 _fontWeight-f-weight-bo3548"
          data-disable-theme="true"
        >
          Review limit
        </span>
      </div>
      <div
        class="_display-flex _flexBasis-auto _boxSizing-border-box _position-relative _minHeight-0px _minWidth-0px _flexShrink-1 _flexDirection-row _flexGrow-1 _justifyContent-flex-end _alignItems-center _gap-10px"
      >
        <a
          href="https://support.uniswap.org/hc/en-us"
          style="text-decoration: none;"
          target="_blank"
        >
          <div
            class="_backgroundColor-0hover-surface2Hov3121676 _display-flex _flexBasis-auto _boxSizing-border-box _position-relative _minHeight-0px _minWidth-0px _flexShrink-0 _flexDirection-row _width-fit-content _borderTopLeftRadius-t-radius-ro291586449 _borderTopRightRadius-t-radius-ro291586449 _borderBottomRightRadius-t-radius-ro291586449 _borderBottomLeftRadius-t-radius-ro291586449 _pr-t-space-spa94665593 _pl-t-space-spa94665593 _pt-t-space-spa94665589 _pb-t-space-spa94665589 _backgroundColor-surface2 _gap-4px _alignItems-center"
          >
            <svg
              fill="rgba(19, 19, 19, 0.63)"
              height="16"
              stroke="none"
              viewBox="0 0 16 16"
              width="16"
              xmlns="http://www.w3.org/2000/svg"
            >
              <path
                d="M11.3066 8.66699C11.7132 8.66699 12.0533 8.77366 12.3333 8.94033C12.5626 8.80633 12.8332 8.70966 13.1466 8.67766C13.2506 8.667 13.3333 8.58633 13.3333 8.48233V4.66699C13.3333 3.33366 12.6666 2.66699 11.3333 2.66699H3.33325C1.99992 2.66699 1.33325 3.33366 1.33325 4.66699V10.667C1.33325 12.0003 1.99992 12.667 3.33325 12.667H9.06665C9.25132 12.667 9.29996 12.5023 9.26196 12.4163C9.1733 12.213 9.10664 11.997 9.05998 11.767C8.89331 10.8937 9.0733 10.0603 9.5533 9.46699C9.9733 8.95366 10.5932 8.66699 11.3066 8.66699ZM8.01929 8.11966C7.81395 8.26899 7.57325 8.34366 7.33325 8.34366C7.09325 8.34366 6.85188 8.26899 6.64722 8.12032L3.37264 5.73832C3.14931 5.57632 3.09995 5.263 3.26261 5.03966C3.42461 4.81766 3.73585 4.76632 3.96118 4.92966L7.23592 7.31099C7.29459 7.35299 7.37257 7.35366 7.43123 7.31099L10.706 4.92966C10.9306 4.76632 11.2425 4.817 11.4045 5.03966C11.5672 5.263 11.5178 5.57565 11.2945 5.73832L8.01929 8.11966ZM14.6252 11.5697C14.3212 13.1117 12.3359 14.0003 12.3359 14.0003C12.3359 14.0003 10.3506 13.1123 10.0466 11.5697C9.85996 10.6237 10.2679 9.67166 11.3046 9.66699C12.0766 9.66366 12.3359 10.429 12.3359 10.429C12.3359 10.429 12.5953 9.66366 13.3673 9.66699C14.4066 9.67166 14.8119 10.6237 14.6252 11.5697Z"
                fill="rgba(19, 19, 19, 0.63)"
              />
            </svg>
            <span
              class="font_body _display-inline _boxSizing-border-box _whiteSpace-pre-wrap _mt-0px _mr-0px _mb-0px _ml-0px _color-neutral2 _fontFamily-f-family _wordWrap-break-word _fontSize-f-size-medi3736 _lineHeight-f-lineHeigh507465454 _fontWeight-f-weight-bo3548"
              data-disable-theme="true"
            >
              Get help
            </span>
          </div>
        </a>
        <div
          class="_opacity-0active-0--75 _transform-0active-scale11281 _display-flex _alignItems-stretch _flexBasis-auto _boxSizing-border-box _position-relative _minHeight-0px _minWidth-0px _flexShrink-0 _flexDirection-column _cursor-pointer"
          data-testid="confirmation-close-icon"
        >
          <div
            class="_display-flex _alignItems-stretch _flexDirection-column _flexBasis-auto _boxSizing-border-box _position-relative _minHeight-0px _minWidth-0px _flexShrink-0"
          >
            <svg
              fill="none"
              stroke-width="8"
              style="width: 24px; height: 24px; color: rgba(19, 19, 19, 0.63);"
              viewBox="0 0 16 16"
            >
              <path
                d="M12.5303 4.53033C12.8232 4.23744 12.8232 3.76256 12.5303 3.46967C12.2374 3.17678 11.7626 3.17678 11.4697 3.46967L12.5303 4.53033ZM3.46967 11.4697C3.17678 11.7626 3.17678 12.2374 3.46967 12.5303C3.76256 12.8232 4.23744 12.8232 4.53033 12.5303L3.46967 11.4697ZM4.53033 3.46967C4.23744 3.17678 3.76256 3.17678 3.46967 3.46967C3.17678 3.76256 3.17678 4.23744 3.46967 4.53033L4.53033 3.46967ZM11.4697 12.5303C11.7626 12.8232 12.2374 12.8232 12.5303 12.5303C12.8232 12.2374 12.8232 11.7626 12.5303 11.4697L11.4697 12.5303ZM11.4697 3.46967L3.46967 11.4697L4.53033 12.5303L12.5303 4.53033L11.4697 3.46967ZM3.46967 4.53033L11.4697 12.5303L12.5303 11.4697L4.53033 3.46967L3.46967 4.53033Z"
                fill="currentColor"
              />
            </svg>
          </div>
        </div>
      </div>
    </div>
    <div
      style="display: contents;"
    />
  </span>
</DocumentFragment>
`;

exports[`ConfirmSwapModal/Head should render correctly for a classic swap 1`] = `
<DocumentFragment>
  <span
    class=""
    style="display: contents;"
  >
    <div
      class="_display-flex _flexBasis-auto _boxSizing-border-box _position-relative _minHeight-0px _minWidth-0px _flexShrink-0 _flexDirection-row _justifyContent-space-betwe3241 _alignItems-center _gap-t-space-spa94665589 _width-10037"
    >
      <div
        class="_display-flex _alignItems-stretch _flexBasis-auto _boxSizing-border-box _position-relative _minHeight-0px _minWidth-0px _flexShrink-0 _flexDirection-column"
      >
        <span
          class="font_body _display-inline _boxSizing-border-box _whiteSpace-pre-wrap _mt-0px _mr-0px _mb-0px _ml-0px _color-neutral1 _fontFamily-f-family _wordWrap-break-word _fontSize-f-size-medi3736 _lineHeight-f-lineHeigh507465454 _fontWeight-f-weight-bo3548"
          data-disable-theme="true"
        >
          Review swap
        </span>
      </div>
      <div
        class="_display-flex _flexBasis-auto _boxSizing-border-box _position-relative _minHeight-0px _minWidth-0px _flexShrink-1 _flexDirection-row _flexGrow-1 _justifyContent-flex-end _alignItems-center _gap-10px"
      >
        <a
          href="https://support.uniswap.org/hc/en-us"
          style="text-decoration: none;"
          target="_blank"
        >
          <div
            class="_backgroundColor-0hover-surface2Hov3121676 _display-flex _flexBasis-auto _boxSizing-border-box _position-relative _minHeight-0px _minWidth-0px _flexShrink-0 _flexDirection-row _width-fit-content _borderTopLeftRadius-t-radius-ro291586449 _borderTopRightRadius-t-radius-ro291586449 _borderBottomRightRadius-t-radius-ro291586449 _borderBottomLeftRadius-t-radius-ro291586449 _pr-t-space-spa94665593 _pl-t-space-spa94665593 _pt-t-space-spa94665589 _pb-t-space-spa94665589 _backgroundColor-surface2 _gap-4px _alignItems-center"
          >
            <svg
              fill="rgba(19, 19, 19, 0.63)"
              height="16"
              stroke="none"
              viewBox="0 0 16 16"
              width="16"
              xmlns="http://www.w3.org/2000/svg"
            >
              <path
                d="M11.3066 8.66699C11.7132 8.66699 12.0533 8.77366 12.3333 8.94033C12.5626 8.80633 12.8332 8.70966 13.1466 8.67766C13.2506 8.667 13.3333 8.58633 13.3333 8.48233V4.66699C13.3333 3.33366 12.6666 2.66699 11.3333 2.66699H3.33325C1.99992 2.66699 1.33325 3.33366 1.33325 4.66699V10.667C1.33325 12.0003 1.99992 12.667 3.33325 12.667H9.06665C9.25132 12.667 9.29996 12.5023 9.26196 12.4163C9.1733 12.213 9.10664 11.997 9.05998 11.767C8.89331 10.8937 9.0733 10.0603 9.5533 9.46699C9.9733 8.95366 10.5932 8.66699 11.3066 8.66699ZM8.01929 8.11966C7.81395 8.26899 7.57325 8.34366 7.33325 8.34366C7.09325 8.34366 6.85188 8.26899 6.64722 8.12032L3.37264 5.73832C3.14931 5.57632 3.09995 5.263 3.26261 5.03966C3.42461 4.81766 3.73585 4.76632 3.96118 4.92966L7.23592 7.31099C7.29459 7.35299 7.37257 7.35366 7.43123 7.31099L10.706 4.92966C10.9306 4.76632 11.2425 4.817 11.4045 5.03966C11.5672 5.263 11.5178 5.57565 11.2945 5.73832L8.01929 8.11966ZM14.6252 11.5697C14.3212 13.1117 12.3359 14.0003 12.3359 14.0003C12.3359 14.0003 10.3506 13.1123 10.0466 11.5697C9.85996 10.6237 10.2679 9.67166 11.3046 9.66699C12.0766 9.66366 12.3359 10.429 12.3359 10.429C12.3359 10.429 12.5953 9.66366 13.3673 9.66699C14.4066 9.67166 14.8119 10.6237 14.6252 11.5697Z"
                fill="rgba(19, 19, 19, 0.63)"
              />
            </svg>
            <span
              class="font_body _display-inline _boxSizing-border-box _whiteSpace-pre-wrap _mt-0px _mr-0px _mb-0px _ml-0px _color-neutral2 _fontFamily-f-family _wordWrap-break-word _fontSize-f-size-medi3736 _lineHeight-f-lineHeigh507465454 _fontWeight-f-weight-bo3548"
              data-disable-theme="true"
            >
              Get help
            </span>
          </div>
        </a>
        <div
          class="_opacity-0active-0--75 _transform-0active-scale11281 _display-flex _alignItems-stretch _flexBasis-auto _boxSizing-border-box _position-relative _minHeight-0px _minWidth-0px _flexShrink-0 _flexDirection-column _cursor-pointer"
          data-testid="confirmation-close-icon"
        >
          <div
            class="_display-flex _alignItems-stretch _flexDirection-column _flexBasis-auto _boxSizing-border-box _position-relative _minHeight-0px _minWidth-0px _flexShrink-0"
          >
            <svg
              fill="none"
              stroke-width="8"
              style="width: 24px; height: 24px; color: rgba(19, 19, 19, 0.63);"
              viewBox="0 0 16 16"
            >
              <path
                d="M12.5303 4.53033C12.8232 4.23744 12.8232 3.76256 12.5303 3.46967C12.2374 3.17678 11.7626 3.17678 11.4697 3.46967L12.5303 4.53033ZM3.46967 11.4697C3.17678 11.7626 3.17678 12.2374 3.46967 12.5303C3.76256 12.8232 4.23744 12.8232 4.53033 12.5303L3.46967 11.4697ZM4.53033 3.46967C4.23744 3.17678 3.76256 3.17678 3.46967 3.46967C3.17678 3.76256 3.17678 4.23744 3.46967 4.53033L4.53033 3.46967ZM11.4697 12.5303C11.7626 12.8232 12.2374 12.8232 12.5303 12.5303C12.8232 12.2374 12.8232 11.7626 12.5303 11.4697L11.4697 12.5303ZM11.4697 3.46967L3.46967 11.4697L4.53033 12.5303L12.5303 4.53033L11.4697 3.46967ZM3.46967 4.53033L11.4697 12.5303L12.5303 11.4697L4.53033 3.46967L3.46967 4.53033Z"
                fill="currentColor"
              />
            </svg>
          </div>
        </div>
      </div>
    </div>
    <div
      style="display: contents;"
    />
  </span>
</DocumentFragment>
`;
