// Jest Snapshot v1, https://goo.gl/fbAQLP

exports[`CountryListModal should render options and call select callback 1`] = `
<span
  class=""
  style="display: contents;"
>
  <span
    class="font_unset _display-inline _boxSizing-border-box _wordWrap-break-word _whiteSpace-pre-wrap _position-absolute _width-1px _height-1px _mt--1px _mr--1px _mb--1px _ml--1px _zIndex--10000 _overflowX-hidden _overflowY-hidden _opacity-1e-8 _pointerEvents-none"
  >
    <h2
      class="is_DialogTitle font_heading _display-inline _boxSizing-border-box _wordWrap-break-word _userSelect-auto _color-color _whiteSpace-normal _fontFamily-f-family _mt-0px _mr-0px _mb-0px _ml-0px"
      data-disable-theme="true"
      id="title-:r5:"
      role="heading"
    />
  </span>
  <div
    style="display: contents;"
  />
</span>
`;
