// Jest Snapshot v1, https://goo.gl/fbAQLP

exports[`disable nft on searchbar should render text with nfts 1`] = `
.c0 {
  background-color: #ADBCFF3d;
  color: #7780A0;
  padding: 0px 8px;
  width: 20px;
  height: 20px;
  border-radius: 4px;
  font-size: 12px;
  font-weight: 800;
  line-height: 16px;
  display: -webkit-box;
  display: -webkit-flex;
  display: -ms-flexbox;
  display: flex;
  -webkit-align-items: center;
  -webkit-box-align: center;
  -ms-flex-align: center;
  align-items: center;
  opacity: 0.6;
  -webkit-backdrop-filter: blur(60px);
  backdrop-filter: blur(60px);
}

<div>
  <div
    class="reset_base__1klryar0 sprinkles_display_flex_sm__rgw6ez44v sprinkles_flexDirection_column_sm__rgw6ez477 sprinkles_position_relative_sm__rgw6ez491 sprinkles_width_auto_sm__rgw6ez17v sprinkles_width_auto_md__rgw6ez17w SearchBar_searchBarContainerNft__1fbf9sz4 SearchBar__1fbf9sz3 sprinkles_right_0_sm__rgw6ez39p sprinkles_top_0_sm__rgw6ez3f7 sprinkles_zIndex_3_sm__rgw6ez3qj sprinkles_display_flex_sm__rgw6ez44v sprinkles_maxHeight_searchResultsMaxHeight_sm__rgw6ez1zd sprinkles_overflow_hidden_default__rgw6ez7m3 searchBarContainerDisableBlur"
    data-cy="search-bar"
  >
    <div
      class="reset_base__1klryar0 sprinkles_display_flex_sm__rgw6ez44v sprinkles_flexDirection_row_sm__rgw6ez471 sprinkles_alignItems_center_sm__rgw6ez3j sprinkles_borderRadius_12_default__rgw6ez7bj sprinkles_borderBottomWidth_1px_default__rgw6ez7kj sprinkles_backgroundColor_searchBackground_default__rgw6ez6d1 sprinkles_gap_12_sm__rgw6ez3tj SearchBar_nftSearchBar__1fbf9sz9 SearchBar_baseSearchNftStyle__1fbf9sz2 SearchBar_baseSearchStyle__1fbf9sz1 SearchBar__1fbf9sz0 sprinkles_paddingTop_12_sm__rgw6ez2ov sprinkles_paddingBottom_12_sm__rgw6ez28d sprinkles_width_viewWidth_sm__rgw6ez17p sprinkles_borderStyle_solid_default__rgw6ez7ab sprinkles_borderWidth_1px_default__rgw6ez7jr sprinkles_borderColor_searchOutline_default__rgw6ez51v SearchBar__1fbf9sz8 sprinkles_paddingLeft_16_sm__rgw6ez2e7 sprinkles_paddingRight_16_sm__rgw6ez2jp sprinkles_color_textSecondary_default__rgw6ez4ep common_magicalGradientOnHover__127l8hdb common_magicalGradient__127l8hda"
    >
      <div
        class="reset_base__1klryar0 SearchBar_searchContentLeftAlign__1fbf9sz10"
      >
        <div
          class="reset_base__1klryar0 sprinkles_display_none_sm__rgw6ez44j sprinkles_display_flex_md__rgw6ez44w"
        >
          <svg
            fill="none"
            height="16"
            viewBox="0 0 16 16"
            width="16"
            xmlns="http://www.w3.org/2000/svg"
          >
            <path
              d="M15 15L11.2439 11.2439M12.3821 6.69106C12.3821 9.83414 9.83414 12.3821 6.69106 12.3821C3.54797 12.3821 1 9.83414 1 6.69106C1 3.54797 3.54797 1 6.69106 1C9.83414 1 12.3821 3.54797 12.3821 6.69106Z"
              stroke="currentColor"
              stroke-linecap="round"
              stroke-linejoin="round"
              stroke-width="1.5"
            />
          </svg>
        </div>
        <div
          class="reset_base__1klryar0 sprinkles_display_flex_sm__rgw6ez44v sprinkles_display_none_md__rgw6ez44k sprinkles_color_textTertiary_default__rgw6ez4ev"
        >
          <svg
            fill="none"
            height="16"
            viewBox="0 0 8 16"
            width="8"
            xmlns="http://www.w3.org/2000/svg"
          >
            <path
              d="M7 1L1 7L7 13"
              stroke="currentColor"
              stroke-linecap="round"
              stroke-linejoin="round"
              stroke-width="2"
            />
          </svg>
        </div>
      </div>
      <input
        class="reset_base__1klryar0 reset_input__1klryar8 reset_field__1klryar5 reset_appearance__1klryar4 sprinkles_width_full_sm__rgw6ez16v SearchBar_searchBarInput__1fbf9szb SearchBar__1fbf9sza sprinkles_padding_0_sm__rgw6ez2t7 sprinkles_fontWeight_normal_sm__rgw6ezcp sprinkles_fontSize_16_sm__rgw6ezb1 sprinkles_color_textPrimary_default__rgw6ez4ej sprinkles_color_textSecondary_placeholder__rgw6ez4eu sprinkles_border_none_default__rgw6ez7iz sprinkles_background_none_default__rgw6ez4sj sprinkles_lineHeight_24_sm__rgw6ezed sprinkles_height_full_sm__rgw6ez1dv SearchBar_searchContentLeftAlign__1fbf9sz10"
        data-cy="search-bar-input"
        placeholder="Search tokens and NFT collections"
        value=""
      />
      <div
        class="c0"
      >
        /
      </div>
    </div>
    <div
      class="reset_base__1klryar0 sprinkles_display_flex_sm__rgw6ez44v sprinkles_flexDirection_column_sm__rgw6ez477 sprinkles_overflow_hidden_default__rgw6ez7m3 SearchBar_hidden__1fbf9szx SearchBar__1fbf9szw sprinkles_visibility_hidden_sm__rgw6ez46v sprinkles_opacity_0_sm__rgw6ez4ad sprinkles_padding_0_sm__rgw6ez2t7 sprinkles_height_0_sm__rgw6ez187"
    />
  </div>
</div>
`;

exports[`disable nft on searchbar should render text without nfts 1`] = `
.c0 {
  background-color: #ADBCFF3d;
  color: #7780A0;
  padding: 0px 8px;
  width: 20px;
  height: 20px;
  border-radius: 4px;
  font-size: 12px;
  font-weight: 800;
  line-height: 16px;
  display: -webkit-box;
  display: -webkit-flex;
  display: -ms-flexbox;
  display: flex;
  -webkit-align-items: center;
  -webkit-box-align: center;
  -ms-flex-align: center;
  align-items: center;
  opacity: 0.6;
  -webkit-backdrop-filter: blur(60px);
  backdrop-filter: blur(60px);
}

<div>
  <div
    class="reset_base__1klryar0 sprinkles_display_flex_sm__rgw6ez44v sprinkles_flexDirection_column_sm__rgw6ez477 sprinkles_position_relative_sm__rgw6ez491 sprinkles_width_auto_sm__rgw6ez17v sprinkles_width_auto_md__rgw6ez17w SearchBar_searchBarContainerNft__1fbf9sz4 SearchBar__1fbf9sz3 sprinkles_right_0_sm__rgw6ez39p sprinkles_top_0_sm__rgw6ez3f7 sprinkles_zIndex_3_sm__rgw6ez3qj sprinkles_display_flex_sm__rgw6ez44v sprinkles_maxHeight_searchResultsMaxHeight_sm__rgw6ez1zd sprinkles_overflow_hidden_default__rgw6ez7m3 searchBarContainerDisableBlur"
    data-cy="search-bar"
  >
    <div
      class="reset_base__1klryar0 sprinkles_display_flex_sm__rgw6ez44v sprinkles_flexDirection_row_sm__rgw6ez471 sprinkles_alignItems_center_sm__rgw6ez3j sprinkles_borderRadius_12_default__rgw6ez7bj sprinkles_borderBottomWidth_1px_default__rgw6ez7kj sprinkles_backgroundColor_searchBackground_default__rgw6ez6d1 sprinkles_gap_12_sm__rgw6ez3tj SearchBar_nftSearchBar__1fbf9sz9 SearchBar_baseSearchNftStyle__1fbf9sz2 SearchBar_baseSearchStyle__1fbf9sz1 SearchBar__1fbf9sz0 sprinkles_paddingTop_12_sm__rgw6ez2ov sprinkles_paddingBottom_12_sm__rgw6ez28d sprinkles_width_viewWidth_sm__rgw6ez17p sprinkles_borderStyle_solid_default__rgw6ez7ab sprinkles_borderWidth_1px_default__rgw6ez7jr sprinkles_borderColor_searchOutline_default__rgw6ez51v SearchBar__1fbf9sz8 sprinkles_paddingLeft_16_sm__rgw6ez2e7 sprinkles_paddingRight_16_sm__rgw6ez2jp sprinkles_color_textSecondary_default__rgw6ez4ep common_magicalGradientOnHover__127l8hdb common_magicalGradient__127l8hda"
    >
      <div
        class="reset_base__1klryar0 SearchBar_searchContentLeftAlign__1fbf9sz10"
      >
        <div
          class="reset_base__1klryar0 sprinkles_display_none_sm__rgw6ez44j sprinkles_display_flex_md__rgw6ez44w"
        >
          <svg
            fill="none"
            height="16"
            viewBox="0 0 16 16"
            width="16"
            xmlns="http://www.w3.org/2000/svg"
          >
            <path
              d="M15 15L11.2439 11.2439M12.3821 6.69106C12.3821 9.83414 9.83414 12.3821 6.69106 12.3821C3.54797 12.3821 1 9.83414 1 6.69106C1 3.54797 3.54797 1 6.69106 1C9.83414 1 12.3821 3.54797 12.3821 6.69106Z"
              stroke="currentColor"
              stroke-linecap="round"
              stroke-linejoin="round"
              stroke-width="1.5"
            />
          </svg>
        </div>
        <div
          class="reset_base__1klryar0 sprinkles_display_flex_sm__rgw6ez44v sprinkles_display_none_md__rgw6ez44k sprinkles_color_textTertiary_default__rgw6ez4ev"
        >
          <svg
            fill="none"
            height="16"
            viewBox="0 0 8 16"
            width="8"
            xmlns="http://www.w3.org/2000/svg"
          >
            <path
              d="M7 1L1 7L7 13"
              stroke="currentColor"
              stroke-linecap="round"
              stroke-linejoin="round"
              stroke-width="2"
            />
          </svg>
        </div>
      </div>
      <input
        class="reset_base__1klryar0 reset_input__1klryar8 reset_field__1klryar5 reset_appearance__1klryar4 sprinkles_width_full_sm__rgw6ez16v SearchBar_searchBarInput__1fbf9szb SearchBar__1fbf9sza sprinkles_padding_0_sm__rgw6ez2t7 sprinkles_fontWeight_normal_sm__rgw6ezcp sprinkles_fontSize_16_sm__rgw6ezb1 sprinkles_color_textPrimary_default__rgw6ez4ej sprinkles_color_textSecondary_placeholder__rgw6ez4eu sprinkles_border_none_default__rgw6ez7iz sprinkles_background_none_default__rgw6ez4sj sprinkles_lineHeight_24_sm__rgw6ezed sprinkles_height_full_sm__rgw6ez1dv SearchBar_searchContentLeftAlign__1fbf9sz10"
        data-cy="search-bar-input"
        placeholder="Search tokens"
        value=""
      />
      <div
        class="c0"
      >
        /
      </div>
    </div>
    <div
      class="reset_base__1klryar0 sprinkles_display_flex_sm__rgw6ez44v sprinkles_flexDirection_column_sm__rgw6ez477 sprinkles_overflow_hidden_default__rgw6ez7m3 SearchBar_hidden__1fbf9szx SearchBar__1fbf9szw sprinkles_visibility_hidden_sm__rgw6ez46v sprinkles_opacity_0_sm__rgw6ez4ad sprinkles_padding_0_sm__rgw6ez2t7 sprinkles_height_0_sm__rgw6ez187"
    />
  </div>
</div>
`;
