// Jest Snapshot v1, https://goo.gl/fbAQLP

exports[`NftTransactionDetails Component renders NftTransactionDetails without error 1`] = `
[
  <View
    style={
      {
        "borderBottomLeftRadius": 20,
        "borderBottomRightRadius": 20,
        "borderTopLeftRadius": 20,
        "borderTopRightRadius": 20,
        "flexDirection": "column",
        "overflow": "hidden",
      }
    }
  >
    <View
      cancelable={true}
      disabled={false}
      focusable={true}
      hitSlop={[Function]}
      minPressDuration={0}
      onBlur={[Function]}
      onFocus={[Function]}
      onMouseEnter={[Function]}
      onMouseLeave={[Function]}
      onPress={[Function]}
      onPressIn={[Function]}
      onPressOut={[Function]}
      style={
        {
          "flexDirection": "column",
          "opacity": 1,
          "transform": [
            {
              "scale": 1,
            },
          ],
        }
      }
    />
    <View
      style={
        {
          "borderBottomColor": {
            "dynamic": {
              "dark": "rgba(255,255,255,0.12)",
              "light": "rgba(34,34,34,0.05)",
            },
          },
          "borderBottomLeftRadius": 20,
          "borderBottomRightRadius": 20,
          "borderBottomWidth": 1,
          "borderLeftColor": {
            "dynamic": {
              "dark": "rgba(255,255,255,0.12)",
              "light": "rgba(34,34,34,0.05)",
            },
          },
          "borderLeftWidth": 1,
          "borderRightColor": {
            "dynamic": {
              "dark": "rgba(255,255,255,0.12)",
              "light": "rgba(34,34,34,0.05)",
            },
          },
          "borderRightWidth": 1,
          "borderStyle": "solid",
          "borderTopColor": {
            "dynamic": {
              "dark": "rgba(255,255,255,0.12)",
              "light": "rgba(34,34,34,0.05)",
            },
          },
          "borderTopWidth": 0,
          "flexDirection": "column",
          "paddingBottom": 12,
          "paddingLeft": 12,
          "paddingRight": 12,
          "paddingTop": 12,
        }
      }
    >
      <Text
        allowFontScaling={false}
        maxFontSizeMultiplier={1.4}
        style={
          {
            "color": {
              "dynamic": {
                "dark": "#FFFFFF",
                "light": "#131313",
              },
            },
            "fontFamily": "Basel Grotesk",
            "fontSize": 16,
            "fontWeight": "400",
            "lineHeight": 20,
          }
        }
        suppressHighlighting={true}
      >
        voluptates repudiandae aliquid
      </Text>
      <View
        disabled={true}
        hitSlop={
          {
            "bottom": 5,
            "left": 5,
            "right": 5,
            "top": 5,
          }
        }
        style={
          {
            "flexDirection": "column",
            "opacity": 1,
            "transform": [
              {
                "scale": 1,
              },
            ],
          }
        }
      >
        <View
          style={
            {
              "flexDirection": "row",
              "paddingRight": 12,
            }
          }
        >
          <Text
            allowFontScaling={false}
            maxFontSizeMultiplier={1.4}
            numberOfLines={1}
            style={
              {
                "color": {
                  "dynamic": {
                    "dark": "rgba(255, 255, 255, 0.65)",
                    "light": "rgba(19, 19, 19, 0.63)",
                  },
                },
                "fontFamily": "Basel Grotesk",
                "fontSize": 14,
                "fontWeight": "400",
                "lineHeight": 18.2,
              }
            }
            suppressHighlighting={true}
          >
            inventore qui fugiat
          </Text>
        </View>
      </View>
    </View>
  </View>,
  <div
    style={
      {
        "display": "contents",
      }
    }
  />,
]
`;
