// Jest Snapshot v1, https://goo.gl/fbAQLP

exports[`Bag.tsx matches base snapshot 1`] = `<DocumentFragment />`;
