// Jest Snapshot v1, https://goo.gl/fbAQLP

exports[`ActionSheetDropdown should render 1`] = `
<View
  cancelable={true}
  disabled={false}
  focusable={true}
  hitSlop={[Function]}
  minPressDuration={0}
  onBlur={[Function]}
  onFocus={[Function]}
  onMouseEnter={[Function]}
  onMouseLeave={[Function]}
  onPress={[Function]}
  onPressIn={[Function]}
  onPressOut={[Function]}
  style={
    {
      "flexDirection": "column",
      "opacity": 1,
      "transform": [
        {
          "scale": 1,
        },
      ],
    }
  }
>
  <View
    collapsable={false}
    style={
      {
        "alignItems": "center",
        "flexDirection": "row",
        "gap": 8,
        "justifyContent": "center",
        "paddingBottom": 8,
        "paddingTop": 8,
      }
    }
    testID="dropdown-toggle"
  />
</View>
`;
