// Jest Snapshot v1, https://goo.gl/fbAQLP

exports[`SendCurrencyInputform should render input in fiat correctly 1`] = `
.c19 {
  height: 36px;
  width: 36px;
}

.c19 path {
  stroke: #CECECE;
  background: #7D7D7D;
  fill: #CECECE;
}

.c20 {
  -webkit-animation: 2s fvtopB linear infinite;
  animation: 2s fvtopB linear infinite;
}

.c17 {
  display: -webkit-box;
  display: -webkit-flex;
  display: -ms-flexbox;
  display: flex;
  gap: 2px;
  position: relative;
  top: 0;
  left: 0;
}

.c17 img {
  width: 36px;
  height: 36px;
  border-radius: 50%;
}

.c18 {
  width: 18px;
  height: 36px;
  border-radius: 50%;
}

.c16 {
  display: -webkit-box;
  display: -webkit-flex;
  display: -ms-flexbox;
  display: flex;
  -webkit-align-items: center;
  -webkit-box-align: center;
  -ms-flex-align: center;
  align-items: center;
  position: relative;
  top: 0;
  left: 0;
}

.c6 {
  box-sizing: border-box;
  margin: 0;
  min-width: 0;
}

.c22 {
  box-sizing: border-box;
  margin: 0;
  min-width: 0;
  width: 100%;
}

.c23 {
  box-sizing: border-box;
  margin: 0;
  min-width: 0;
  width: -webkit-min-content;
  width: -moz-min-content;
  width: min-content;
}

.c25 {
  box-sizing: border-box;
  margin: 0;
  min-width: 0;
  -webkit-appearance: none;
  -moz-appearance: none;
  appearance: none;
  display: inline-block;
  text-align: center;
  line-height: inherit;
  -webkit-text-decoration: none;
  text-decoration: none;
  font-size: inherit;
  padding-left: 16px;
  padding-right: 16px;
  padding-top: 8px;
  padding-bottom: 8px;
  color: white;
  background-color: primary;
  border: 0;
  border-radius: 4px;
}

.c7 {
  width: 100%;
  display: -webkit-box;
  display: -webkit-flex;
  display: -ms-flexbox;
  display: flex;
  padding: 0;
  -webkit-align-items: center;
  -webkit-box-align: center;
  -ms-flex-align: center;
  align-items: center;
  -webkit-box-pack: start;
  -webkit-justify-content: flex-start;
  -ms-flex-pack: start;
  justify-content: flex-start;
  gap: 4px;
}

.c12 {
  width: 100%;
  display: -webkit-box;
  display: -webkit-flex;
  display: -ms-flexbox;
  display: flex;
  padding: 0;
  -webkit-align-items: center;
  -webkit-box-align: center;
  -ms-flex-align: center;
  align-items: center;
  -webkit-box-pack: justify;
  -webkit-justify-content: space-between;
  -ms-flex-pack: justify;
  justify-content: space-between;
}

.c24 {
  width: -webkit-min-content;
  width: -moz-min-content;
  width: min-content;
  display: -webkit-box;
  display: -webkit-flex;
  display: -ms-flexbox;
  display: flex;
  padding: 0;
  -webkit-align-items: center;
  -webkit-box-align: center;
  -ms-flex-align: center;
  align-items: center;
  -webkit-box-pack: start;
  -webkit-justify-content: flex-start;
  -ms-flex-pack: start;
  justify-content: flex-start;
  gap: 4px;
}

.c14 {
  color: #7D7D7D;
  -webkit-letter-spacing: -0.01em;
  -moz-letter-spacing: -0.01em;
  -ms-letter-spacing: -0.01em;
  letter-spacing: -0.01em;
}

.c15 {
  color: #222222;
  -webkit-letter-spacing: -0.01em;
  -moz-letter-spacing: -0.01em;
  -ms-letter-spacing: -0.01em;
  letter-spacing: -0.01em;
}

.c8 {
  color: #222222;
  cursor: pointer;
  -webkit-text-decoration: none;
  text-decoration: none;
  cursor: pointer;
  -webkit-transition-duration: 125ms;
  transition-duration: 125ms;
}

.c8:hover {
  opacity: 0.6;
}

.c8:active {
  opacity: 0.4;
}

.c4 {
  -webkit-text-decoration: none;
  text-decoration: none;
  cursor: pointer;
  -webkit-transition-duration: 125ms;
  transition-duration: 125ms;
  color: #FC72FF;
  stroke: #FC72FF;
  font-weight: 500;
}

.c4:hover {
  opacity: 0.6;
}

.c4:active {
  opacity: 0.4;
}

.c21 {
  width: 100%;
  height: 1px;
  background-color: #22222212;
}

.c26 {
  padding: 16px;
  width: 100%;
  line-height: 24px;
  font-weight: 535;
  text-align: center;
  border-radius: 16px;
  outline: none;
  border: 1px solid transparent;
  color: #222222;
  -webkit-text-decoration: none;
  text-decoration: none;
  display: -webkit-box;
  display: -webkit-flex;
  display: -ms-flexbox;
  display: flex;
  -webkit-box-pack: center;
  -webkit-justify-content: center;
  -ms-flex-pack: center;
  justify-content: center;
  -webkit-flex-wrap: nowrap;
  -ms-flex-wrap: nowrap;
  flex-wrap: nowrap;
  -webkit-align-items: center;
  -webkit-box-align: center;
  -ms-flex-align: center;
  align-items: center;
  cursor: pointer;
  position: relative;
  z-index: 1;
  will-change: transform;
  -webkit-transition: -webkit-transform 450ms ease;
  -webkit-transition: transform 450ms ease;
  transition: transform 450ms ease;
  -webkit-transform: perspective(1px) translateZ(0);
  -ms-transform: perspective(1px) translateZ(0);
  transform: perspective(1px) translateZ(0);
}

.c26:disabled {
  opacity: 50%;
  cursor: auto;
  pointer-events: none;
}

.c26 > * {
  -webkit-user-select: none;
  -moz-user-select: none;
  -ms-user-select: none;
  user-select: none;
}

.c26 > a {
  -webkit-text-decoration: none;
  text-decoration: none;
}

.c27 {
  background-color: #FC72FF;
  font-size: 20px;
  font-weight: 535;
  padding: 16px;
  color: #FFFFFF;
}

.c27:focus {
  box-shadow: 0 0 0 1pt #fb58ff;
  background-color: #fb58ff;
}

.c27:hover {
  background-color: #fb58ff;
}

.c27:active {
  box-shadow: 0 0 0 1pt #fb3fff;
  background-color: #fb3fff;
}

.c27:disabled {
  background-color: #22222212;
  color: #7D7D7D;
  cursor: auto;
  box-shadow: none;
  border: 1px solid transparent;
  outline: none;
}

.c5 {
  width: -webkit-fit-content;
  width: -moz-fit-content;
  width: fit-content;
  border-radius: 16px;
  padding: 4px 8px;
  font-size: 14px;
  font-weight: 485;
  line-height: 20px;
  background: #F9F9F9;
  color: #7D7D7D;
  stroke: none;
}

.c5:hover {
  background: #22222212;
  color: #222222;
  opacity: unset;
}

.c5:hover path {
  fill: #222222;
}

.c0 {
  display: -webkit-box;
  display: -webkit-flex;
  display: -ms-flexbox;
  display: flex;
  -webkit-flex-direction: column;
  -ms-flex-direction: column;
  flex-direction: column;
  -webkit-box-pack: start;
  -webkit-justify-content: flex-start;
  -ms-flex-pack: start;
  justify-content: flex-start;
  gap: 12px;
}

.c9 {
  display: -webkit-box;
  display: -webkit-flex;
  display: -ms-flexbox;
  display: flex;
  -webkit-flex-direction: column;
  -ms-flex-direction: column;
  flex-direction: column;
  -webkit-box-pack: start;
  -webkit-justify-content: flex-start;
  -ms-flex-pack: start;
  justify-content: flex-start;
}

.c11 {
  display: -webkit-box;
  display: -webkit-flex;
  display: -ms-flexbox;
  display: flex;
  -webkit-flex-direction: column;
  -ms-flex-direction: column;
  flex-direction: column;
  -webkit-box-pack: start;
  -webkit-justify-content: flex-start;
  -ms-flex-pack: start;
  justify-content: flex-start;
  gap: 24px;
}

.c13 {
  display: -webkit-box;
  display: -webkit-flex;
  display: -ms-flexbox;
  display: flex;
  -webkit-flex-direction: column;
  -ms-flex-direction: column;
  flex-direction: column;
  -webkit-box-pack: start;
  -webkit-justify-content: flex-start;
  -ms-flex-pack: start;
  justify-content: flex-start;
  gap: 4px;
}

.c1 {
  width: 100%;
  -webkit-align-items: center;
  -webkit-box-align: center;
  -ms-flex-align: center;
  align-items: center;
}

.c2 {
  background-color: #FFFFFF;
  border-radius: 20px;
  outline: 1px solid #22222212;
  width: 100%;
  padding: 8px;
}

.c3 {
  padding: 8px 12px 4px;
}

.c10 {
  width: 100%;
  padding: 12px 16px;
  gap: 16px;
}

@media screen and (max-width:640px) {

}

@media screen and (max-width:768px) {

}

@media screen and (max-width:640px) {

}

<div
  class="c0 c1 c2"
  data-testid="send-review-modal"
>
  <div
    class="_display-flex _flexBasis-auto _boxSizing-border-box _position-relative _minHeight-0px _minWidth-0px _flexShrink-0 _flexDirection-row _justifyContent-441309761 _alignItems-center _gap-1481558307 _width-10037 c3"
  >
    <div
      class="_display-flex _alignItems-stretch _flexBasis-auto _boxSizing-border-box _position-relative _minHeight-0px _minWidth-0px _flexShrink-0 _flexDirection-column"
    >
      <span
        class="font_body _display-inline _boxSizing-border-box _whiteSpace-pre-wrap _mt-0px _mr-0px _mb-0px _ml-0px _color-843134974 _fontFamily-299667014 _wordWrap-break-word _fontSize-229441189 _lineHeight-222976542 _fontWeight-233016202"
        data-disable-theme="true"
      >
        Review send
      </span>
    </div>
    <div
      class="_display-flex _flexBasis-auto _boxSizing-border-box _position-relative _minHeight-0px _minWidth-0px _flexShrink-1 _flexDirection-row _flexGrow-1 _justifyContent-flex-end _alignItems-center _gap-10px"
    >
      <a
        class="c4 c5"
        href="https://support.uniswap.org/hc/en-us"
        rel="noopener noreferrer"
        target="_blank"
      >
        <div
          class="c6 c7"
        >
          <svg
            fill="none"
            height="16"
            viewBox="0 0 16 16"
            width="16"
            xmlns="http://www.w3.org/2000/svg"
          >
            <path
              d="M11.3066 8.66699C11.7132 8.66699 12.0533 8.77366 12.3333 8.94033C12.5626 8.80633 12.8332 8.70966 13.1466 8.67766C13.2506 8.667 13.3333 8.58633 13.3333 8.48233V4.66699C13.3333 3.33366 12.6666 2.66699 11.3333 2.66699H3.33325C1.99992 2.66699 1.33325 3.33366 1.33325 4.66699V10.667C1.33325 12.0003 1.99992 12.667 3.33325 12.667H9.06665C9.25132 12.667 9.29996 12.5023 9.26196 12.4163C9.1733 12.213 9.10664 11.997 9.05998 11.767C8.89331 10.8937 9.0733 10.0603 9.5533 9.46699C9.9733 8.95366 10.5932 8.66699 11.3066 8.66699ZM8.01929 8.11966C7.81395 8.26899 7.57325 8.34366 7.33325 8.34366C7.09325 8.34366 6.85188 8.26899 6.64722 8.12032L3.37264 5.73832C3.14931 5.57632 3.09995 5.263 3.26261 5.03966C3.42461 4.81766 3.73585 4.76632 3.96118 4.92966L7.23592 7.31099C7.29459 7.35299 7.37257 7.35366 7.43123 7.31099L10.706 4.92966C10.9306 4.76632 11.2425 4.817 11.4045 5.03966C11.5672 5.263 11.5178 5.57565 11.2945 5.73832L8.01929 8.11966ZM14.6252 11.5697C14.3212 13.1117 12.3359 14.0003 12.3359 14.0003C12.3359 14.0003 10.3506 13.1123 10.0466 11.5697C9.85996 10.6237 10.2679 9.67166 11.3046 9.66699C12.0766 9.66366 12.3359 10.429 12.3359 10.429C12.3359 10.429 12.5953 9.66366 13.3673 9.66699C14.4066 9.67166 14.8119 10.6237 14.6252 11.5697Z"
              fill="#9B9B9B"
            />
          </svg>
          Get help
        </div>
      </a>
      <svg
        class="c8"
        fill="none"
        height="24"
        stroke="currentColor"
        stroke-linecap="round"
        stroke-linejoin="round"
        stroke-width="2"
        viewBox="0 0 24 24"
        width="24"
        xmlns="http://www.w3.org/2000/svg"
      >
        <line
          x1="18"
          x2="6"
          y1="6"
          y2="18"
        />
        <line
          x1="6"
          x2="18"
          y1="6"
          y2="18"
        />
      </svg>
    </div>
  </div>
  <div
    class="c9 c10"
  >
    <div
      class="c11"
    >
      <div
        class="c6 c12"
      >
        <div
          class="c13"
        >
          <div
            class="c14 css-1a4qi6e"
          >
            You’re sending
          </div>
          <div
            class="c15 css-15popx1"
          >
            $1,000.00
          </div>
          <div
            class="c14 css-1a4qi6e"
          >
            100.00 DAI
          </div>
        </div>
        <div
          style="height: 36px;"
        >
          <div
            class="c16"
          >
            <div
              class="_display-flex _alignItems-stretch _flexBasis-auto _boxSizing-border-box _minHeight-0px _minWidth-0px _flexShrink-0 _flexDirection-column _position-relative"
            >
              <div
                class="c17"
                size="36"
              >
                 
                <img
                  class="c18"
                  size="36"
                  src="https://raw.githubusercontent.com/Uniswap/assets/master/blockchains/ethereum/assets/0x6B175474E89094C44Da98b954EedeAC495271d0F/logo.png"
                />
              </div>
            </div>
          </div>
        </div>
      </div>
      <div
        class="c6 c12"
      >
        <div
          class="c13"
        >
          <div
            class="c14 css-1a4qi6e"
          >
            To
          </div>
          <div
            class="c15 css-15popx1"
          >
            <div
              class="c6 c7"
            >
              <div
                class="c15 css-15popx1"
              >
                hayden.eth
              </div>
            </div>
          </div>
          <div
            class="c14 css-1a4qi6e"
          >
            0x9984...9103
          </div>
        </div>
        <div
          style="height: 36px;"
        >
          <svg
            class="c19 c20"
            data-testid="IdenticonLoader"
            fill="#CECECE"
            stroke="#CECECE"
            viewBox="0 0 54 54"
            xmlns="http://www.w3.org/2000/svg"
          >
            <path
              d="M53.6666 26.9999C53.6666 41.7275 41.7276 53.6666 27 53.6666C12.2724 53.6666 0.333313 41.7275 0.333313 26.9999C0.333313 12.2723 12.2724 0.333252 27 0.333252C41.7276 0.333252 53.6666 12.2723 53.6666 26.9999ZM8.33331 26.9999C8.33331 37.3092 16.6907 45.6666 27 45.6666C37.3093 45.6666 45.6666 37.3092 45.6666 26.9999C45.6666 16.6906 37.3093 8.33325 27 8.33325C16.6907 8.33325 8.33331 16.6906 8.33331 26.9999Z"
              fill="#CECECE"
              opacity="0.1"
            />
            <path
              d="M49.6666 26.9999C51.8758 26.9999 53.6973 25.1992 53.3672 23.0149C53.0452 20.884 52.4652 18.7951 51.6368 16.795C50.2966 13.5597 48.3324 10.62 45.8562 8.14374C43.3799 5.66751 40.4402 3.70326 37.2049 2.36313C35.2048 1.53466 33.1159 0.954747 30.985 0.632693C28.8007 0.30256 27 2.12411 27 4.33325C27 6.54239 28.8108 8.29042 30.9695 8.76019C32.0523 8.99585 33.1146 9.32804 34.1434 9.75417C36.4081 10.6923 38.4659 12.0672 40.1993 13.8006C41.9327 15.534 43.3076 17.5918 44.2457 19.8565C44.6719 20.8853 45.004 21.9476 45.2397 23.0304C45.7095 25.1891 47.4575 26.9999 49.6666 26.9999Z"
              fill="#CECECE"
            />
          </svg>
        </div>
      </div>
    </div>
    <div
      class="c21"
    />
    <div
      class="c22 c12"
      width="100%"
    >
      <div
        class="c14 css-1a4qi6e"
      >
        Network cost
      </div>
      <div
        class="c23 c24"
        width="min-content"
      >
        <img
          alt="Ethereum logo"
          aria-labelledby="titleID"
          height="16px"
          src="ethereum-logo.png"
          style="border-radius: 4px;"
          width="16px"
        />
        <div
          class="c15 css-142zc9n"
        >
          -
        </div>
      </div>
    </div>
  </div>
  <button
    class="c25 c26 c27"
  >
    Confirm send
  </button>
</div>
`;

exports[`SendCurrencyInputform should render input in token amount correctly 1`] = `
.c19 {
  height: 36px;
  width: 36px;
}

.c19 path {
  stroke: #CECECE;
  background: #7D7D7D;
  fill: #CECECE;
}

.c20 {
  -webkit-animation: 2s fvtopB linear infinite;
  animation: 2s fvtopB linear infinite;
}

.c17 {
  display: -webkit-box;
  display: -webkit-flex;
  display: -ms-flexbox;
  display: flex;
  gap: 2px;
  position: relative;
  top: 0;
  left: 0;
}

.c17 img {
  width: 36px;
  height: 36px;
  border-radius: 50%;
}

.c18 {
  width: 18px;
  height: 36px;
  border-radius: 50%;
}

.c16 {
  display: -webkit-box;
  display: -webkit-flex;
  display: -ms-flexbox;
  display: flex;
  -webkit-align-items: center;
  -webkit-box-align: center;
  -ms-flex-align: center;
  align-items: center;
  position: relative;
  top: 0;
  left: 0;
}

.c6 {
  box-sizing: border-box;
  margin: 0;
  min-width: 0;
}

.c22 {
  box-sizing: border-box;
  margin: 0;
  min-width: 0;
  width: 100%;
}

.c23 {
  box-sizing: border-box;
  margin: 0;
  min-width: 0;
  width: -webkit-min-content;
  width: -moz-min-content;
  width: min-content;
}

.c25 {
  box-sizing: border-box;
  margin: 0;
  min-width: 0;
  -webkit-appearance: none;
  -moz-appearance: none;
  appearance: none;
  display: inline-block;
  text-align: center;
  line-height: inherit;
  -webkit-text-decoration: none;
  text-decoration: none;
  font-size: inherit;
  padding-left: 16px;
  padding-right: 16px;
  padding-top: 8px;
  padding-bottom: 8px;
  color: white;
  background-color: primary;
  border: 0;
  border-radius: 4px;
}

.c7 {
  width: 100%;
  display: -webkit-box;
  display: -webkit-flex;
  display: -ms-flexbox;
  display: flex;
  padding: 0;
  -webkit-align-items: center;
  -webkit-box-align: center;
  -ms-flex-align: center;
  align-items: center;
  -webkit-box-pack: start;
  -webkit-justify-content: flex-start;
  -ms-flex-pack: start;
  justify-content: flex-start;
  gap: 4px;
}

.c12 {
  width: 100%;
  display: -webkit-box;
  display: -webkit-flex;
  display: -ms-flexbox;
  display: flex;
  padding: 0;
  -webkit-align-items: center;
  -webkit-box-align: center;
  -ms-flex-align: center;
  align-items: center;
  -webkit-box-pack: justify;
  -webkit-justify-content: space-between;
  -ms-flex-pack: justify;
  justify-content: space-between;
}

.c24 {
  width: -webkit-min-content;
  width: -moz-min-content;
  width: min-content;
  display: -webkit-box;
  display: -webkit-flex;
  display: -ms-flexbox;
  display: flex;
  padding: 0;
  -webkit-align-items: center;
  -webkit-box-align: center;
  -ms-flex-align: center;
  align-items: center;
  -webkit-box-pack: start;
  -webkit-justify-content: flex-start;
  -ms-flex-pack: start;
  justify-content: flex-start;
  gap: 4px;
}

.c14 {
  color: #7D7D7D;
  -webkit-letter-spacing: -0.01em;
  -moz-letter-spacing: -0.01em;
  -ms-letter-spacing: -0.01em;
  letter-spacing: -0.01em;
}

.c15 {
  color: #222222;
  -webkit-letter-spacing: -0.01em;
  -moz-letter-spacing: -0.01em;
  -ms-letter-spacing: -0.01em;
  letter-spacing: -0.01em;
}

.c8 {
  color: #222222;
  cursor: pointer;
  -webkit-text-decoration: none;
  text-decoration: none;
  cursor: pointer;
  -webkit-transition-duration: 125ms;
  transition-duration: 125ms;
}

.c8:hover {
  opacity: 0.6;
}

.c8:active {
  opacity: 0.4;
}

.c4 {
  -webkit-text-decoration: none;
  text-decoration: none;
  cursor: pointer;
  -webkit-transition-duration: 125ms;
  transition-duration: 125ms;
  color: #FC72FF;
  stroke: #FC72FF;
  font-weight: 500;
}

.c4:hover {
  opacity: 0.6;
}

.c4:active {
  opacity: 0.4;
}

.c21 {
  width: 100%;
  height: 1px;
  background-color: #22222212;
}

.c26 {
  padding: 16px;
  width: 100%;
  line-height: 24px;
  font-weight: 535;
  text-align: center;
  border-radius: 16px;
  outline: none;
  border: 1px solid transparent;
  color: #222222;
  -webkit-text-decoration: none;
  text-decoration: none;
  display: -webkit-box;
  display: -webkit-flex;
  display: -ms-flexbox;
  display: flex;
  -webkit-box-pack: center;
  -webkit-justify-content: center;
  -ms-flex-pack: center;
  justify-content: center;
  -webkit-flex-wrap: nowrap;
  -ms-flex-wrap: nowrap;
  flex-wrap: nowrap;
  -webkit-align-items: center;
  -webkit-box-align: center;
  -ms-flex-align: center;
  align-items: center;
  cursor: pointer;
  position: relative;
  z-index: 1;
  will-change: transform;
  -webkit-transition: -webkit-transform 450ms ease;
  -webkit-transition: transform 450ms ease;
  transition: transform 450ms ease;
  -webkit-transform: perspective(1px) translateZ(0);
  -ms-transform: perspective(1px) translateZ(0);
  transform: perspective(1px) translateZ(0);
}

.c26:disabled {
  opacity: 50%;
  cursor: auto;
  pointer-events: none;
}

.c26 > * {
  -webkit-user-select: none;
  -moz-user-select: none;
  -ms-user-select: none;
  user-select: none;
}

.c26 > a {
  -webkit-text-decoration: none;
  text-decoration: none;
}

.c27 {
  background-color: #FC72FF;
  font-size: 20px;
  font-weight: 535;
  padding: 16px;
  color: #FFFFFF;
}

.c27:focus {
  box-shadow: 0 0 0 1pt #fb58ff;
  background-color: #fb58ff;
}

.c27:hover {
  background-color: #fb58ff;
}

.c27:active {
  box-shadow: 0 0 0 1pt #fb3fff;
  background-color: #fb3fff;
}

.c27:disabled {
  background-color: #22222212;
  color: #7D7D7D;
  cursor: auto;
  box-shadow: none;
  border: 1px solid transparent;
  outline: none;
}

.c5 {
  width: -webkit-fit-content;
  width: -moz-fit-content;
  width: fit-content;
  border-radius: 16px;
  padding: 4px 8px;
  font-size: 14px;
  font-weight: 485;
  line-height: 20px;
  background: #F9F9F9;
  color: #7D7D7D;
  stroke: none;
}

.c5:hover {
  background: #22222212;
  color: #222222;
  opacity: unset;
}

.c5:hover path {
  fill: #222222;
}

.c0 {
  display: -webkit-box;
  display: -webkit-flex;
  display: -ms-flexbox;
  display: flex;
  -webkit-flex-direction: column;
  -ms-flex-direction: column;
  flex-direction: column;
  -webkit-box-pack: start;
  -webkit-justify-content: flex-start;
  -ms-flex-pack: start;
  justify-content: flex-start;
  gap: 12px;
}

.c9 {
  display: -webkit-box;
  display: -webkit-flex;
  display: -ms-flexbox;
  display: flex;
  -webkit-flex-direction: column;
  -ms-flex-direction: column;
  flex-direction: column;
  -webkit-box-pack: start;
  -webkit-justify-content: flex-start;
  -ms-flex-pack: start;
  justify-content: flex-start;
}

.c11 {
  display: -webkit-box;
  display: -webkit-flex;
  display: -ms-flexbox;
  display: flex;
  -webkit-flex-direction: column;
  -ms-flex-direction: column;
  flex-direction: column;
  -webkit-box-pack: start;
  -webkit-justify-content: flex-start;
  -ms-flex-pack: start;
  justify-content: flex-start;
  gap: 24px;
}

.c13 {
  display: -webkit-box;
  display: -webkit-flex;
  display: -ms-flexbox;
  display: flex;
  -webkit-flex-direction: column;
  -ms-flex-direction: column;
  flex-direction: column;
  -webkit-box-pack: start;
  -webkit-justify-content: flex-start;
  -ms-flex-pack: start;
  justify-content: flex-start;
  gap: 4px;
}

.c1 {
  width: 100%;
  -webkit-align-items: center;
  -webkit-box-align: center;
  -ms-flex-align: center;
  align-items: center;
}

.c2 {
  background-color: #FFFFFF;
  border-radius: 20px;
  outline: 1px solid #22222212;
  width: 100%;
  padding: 8px;
}

.c3 {
  padding: 8px 12px 4px;
}

.c10 {
  width: 100%;
  padding: 12px 16px;
  gap: 16px;
}

@media screen and (max-width:640px) {

}

@media screen and (max-width:768px) {

}

@media screen and (max-width:640px) {

}

<div
  class="c0 c1 c2"
  data-testid="send-review-modal"
>
  <div
    class="_display-flex _flexBasis-auto _boxSizing-border-box _position-relative _minHeight-0px _minWidth-0px _flexShrink-0 _flexDirection-row _justifyContent-441309761 _alignItems-center _gap-1481558307 _width-10037 c3"
  >
    <div
      class="_display-flex _alignItems-stretch _flexBasis-auto _boxSizing-border-box _position-relative _minHeight-0px _minWidth-0px _flexShrink-0 _flexDirection-column"
    >
      <span
        class="font_body _display-inline _boxSizing-border-box _whiteSpace-pre-wrap _mt-0px _mr-0px _mb-0px _ml-0px _color-843134974 _fontFamily-299667014 _wordWrap-break-word _fontSize-229441189 _lineHeight-222976542 _fontWeight-233016202"
        data-disable-theme="true"
      >
        Review send
      </span>
    </div>
    <div
      class="_display-flex _flexBasis-auto _boxSizing-border-box _position-relative _minHeight-0px _minWidth-0px _flexShrink-1 _flexDirection-row _flexGrow-1 _justifyContent-flex-end _alignItems-center _gap-10px"
    >
      <a
        class="c4 c5"
        href="https://support.uniswap.org/hc/en-us"
        rel="noopener noreferrer"
        target="_blank"
      >
        <div
          class="c6 c7"
        >
          <svg
            fill="none"
            height="16"
            viewBox="0 0 16 16"
            width="16"
            xmlns="http://www.w3.org/2000/svg"
          >
            <path
              d="M11.3066 8.66699C11.7132 8.66699 12.0533 8.77366 12.3333 8.94033C12.5626 8.80633 12.8332 8.70966 13.1466 8.67766C13.2506 8.667 13.3333 8.58633 13.3333 8.48233V4.66699C13.3333 3.33366 12.6666 2.66699 11.3333 2.66699H3.33325C1.99992 2.66699 1.33325 3.33366 1.33325 4.66699V10.667C1.33325 12.0003 1.99992 12.667 3.33325 12.667H9.06665C9.25132 12.667 9.29996 12.5023 9.26196 12.4163C9.1733 12.213 9.10664 11.997 9.05998 11.767C8.89331 10.8937 9.0733 10.0603 9.5533 9.46699C9.9733 8.95366 10.5932 8.66699 11.3066 8.66699ZM8.01929 8.11966C7.81395 8.26899 7.57325 8.34366 7.33325 8.34366C7.09325 8.34366 6.85188 8.26899 6.64722 8.12032L3.37264 5.73832C3.14931 5.57632 3.09995 5.263 3.26261 5.03966C3.42461 4.81766 3.73585 4.76632 3.96118 4.92966L7.23592 7.31099C7.29459 7.35299 7.37257 7.35366 7.43123 7.31099L10.706 4.92966C10.9306 4.76632 11.2425 4.817 11.4045 5.03966C11.5672 5.263 11.5178 5.57565 11.2945 5.73832L8.01929 8.11966ZM14.6252 11.5697C14.3212 13.1117 12.3359 14.0003 12.3359 14.0003C12.3359 14.0003 10.3506 13.1123 10.0466 11.5697C9.85996 10.6237 10.2679 9.67166 11.3046 9.66699C12.0766 9.66366 12.3359 10.429 12.3359 10.429C12.3359 10.429 12.5953 9.66366 13.3673 9.66699C14.4066 9.67166 14.8119 10.6237 14.6252 11.5697Z"
              fill="#9B9B9B"
            />
          </svg>
          Get help
        </div>
      </a>
      <svg
        class="c8"
        fill="none"
        height="24"
        stroke="currentColor"
        stroke-linecap="round"
        stroke-linejoin="round"
        stroke-width="2"
        viewBox="0 0 24 24"
        width="24"
        xmlns="http://www.w3.org/2000/svg"
      >
        <line
          x1="18"
          x2="6"
          y1="6"
          y2="18"
        />
        <line
          x1="6"
          x2="18"
          y1="6"
          y2="18"
        />
      </svg>
    </div>
  </div>
  <div
    class="c9 c10"
  >
    <div
      class="c11"
    >
      <div
        class="c6 c12"
      >
        <div
          class="c13"
        >
          <div
            class="c14 css-1a4qi6e"
          >
            You’re sending
          </div>
          <div
            class="c15 css-15popx1"
          >
            1.00 DAI
          </div>
          <div
            class="c14 css-1a4qi6e"
          >
            $100.00
          </div>
        </div>
        <div
          style="height: 36px;"
        >
          <div
            class="c16"
          >
            <div
              class="_display-flex _alignItems-stretch _flexBasis-auto _boxSizing-border-box _minHeight-0px _minWidth-0px _flexShrink-0 _flexDirection-column _position-relative"
            >
              <div
                class="c17"
                size="36"
              >
                 
                <img
                  class="c18"
                  size="36"
                  src="https://raw.githubusercontent.com/Uniswap/assets/master/blockchains/ethereum/assets/0x6B175474E89094C44Da98b954EedeAC495271d0F/logo.png"
                />
              </div>
            </div>
          </div>
        </div>
      </div>
      <div
        class="c6 c12"
      >
        <div
          class="c13"
        >
          <div
            class="c14 css-1a4qi6e"
          >
            To
          </div>
          <div
            class="c15 css-15popx1"
          >
            <div
              class="c6 c7"
            >
              <div
                class="c15 css-15popx1"
              >
                hayden.eth
              </div>
            </div>
          </div>
          <div
            class="c14 css-1a4qi6e"
          >
            0x9984...9103
          </div>
        </div>
        <div
          style="height: 36px;"
        >
          <svg
            class="c19 c20"
            data-testid="IdenticonLoader"
            fill="#CECECE"
            stroke="#CECECE"
            viewBox="0 0 54 54"
            xmlns="http://www.w3.org/2000/svg"
          >
            <path
              d="M53.6666 26.9999C53.6666 41.7275 41.7276 53.6666 27 53.6666C12.2724 53.6666 0.333313 41.7275 0.333313 26.9999C0.333313 12.2723 12.2724 0.333252 27 0.333252C41.7276 0.333252 53.6666 12.2723 53.6666 26.9999ZM8.33331 26.9999C8.33331 37.3092 16.6907 45.6666 27 45.6666C37.3093 45.6666 45.6666 37.3092 45.6666 26.9999C45.6666 16.6906 37.3093 8.33325 27 8.33325C16.6907 8.33325 8.33331 16.6906 8.33331 26.9999Z"
              fill="#CECECE"
              opacity="0.1"
            />
            <path
              d="M49.6666 26.9999C51.8758 26.9999 53.6973 25.1992 53.3672 23.0149C53.0452 20.884 52.4652 18.7951 51.6368 16.795C50.2966 13.5597 48.3324 10.62 45.8562 8.14374C43.3799 5.66751 40.4402 3.70326 37.2049 2.36313C35.2048 1.53466 33.1159 0.954747 30.985 0.632693C28.8007 0.30256 27 2.12411 27 4.33325C27 6.54239 28.8108 8.29042 30.9695 8.76019C32.0523 8.99585 33.1146 9.32804 34.1434 9.75417C36.4081 10.6923 38.4659 12.0672 40.1993 13.8006C41.9327 15.534 43.3076 17.5918 44.2457 19.8565C44.6719 20.8853 45.004 21.9476 45.2397 23.0304C45.7095 25.1891 47.4575 26.9999 49.6666 26.9999Z"
              fill="#CECECE"
            />
          </svg>
        </div>
      </div>
    </div>
    <div
      class="c21"
    />
    <div
      class="c22 c12"
      width="100%"
    >
      <div
        class="c14 css-1a4qi6e"
      >
        Network cost
      </div>
      <div
        class="c23 c24"
        width="min-content"
      >
        <img
          alt="Ethereum logo"
          aria-labelledby="titleID"
          height="16px"
          src="ethereum-logo.png"
          style="border-radius: 4px;"
          width="16px"
        />
        <div
          class="c15 css-142zc9n"
        >
          -
        </div>
      </div>
    </div>
  </div>
  <button
    class="c25 c26 c27"
  >
    Confirm send
  </button>
</div>
`;
