// Jest Snapshot v1, https://goo.gl/fbAQLP

exports[`RestoreCloudBackupPasswordScreen renders correctly 1`] = `
<View
  sentry-label="Screen"
  style={
    {
      "alignItems": "stretch",
      "backgroundColor": "#FFFFFF",
      "flex": 1,
      "flexDirection": "column",
      "paddingLeft": undefined,
      "paddingRight": undefined,
      "paddingTop": 200,
    }
  }
>
  <View
    onLayout={[Function]}
    style={
      [
        [
          {
            "flex": 1,
            "justifyContent": "flex-end",
          },
          {
            "marginBottom": undefined,
          },
        ],
        {
          "paddingBottom": 0,
        },
      ]
    }
  >
    <View
      entering={BaseAnimationMock {}}
      exiting={BaseAnimationMock {}}
      style={
        {
          "alignItems": "stretch",
          "flexDirection": "column",
          "flexGrow": 1,
          "gap": 16,
          "paddingBottom": 16,
          "paddingLeft": 16,
          "paddingRight": 16,
        }
      }
    >
      <View
        style={
          {
            "alignItems": "center",
            "flexDirection": "column",
            "gap": 12,
            "justifyContent": "center",
            "marginBottom": 12,
            "marginLeft": 12,
            "marginRight": 12,
            "marginTop": 12,
          }
        }
      >
        <Text
          allowFontScaling={false}
          maxFontSizeMultiplier={1.2}
          style={
            {
              "color": "#222222",
              "fontFamily": "Basel-Book",
              "fontSize": 25,
              "lineHeight": 32,
              "paddingTop": 0,
              "textAlign": "center",
            }
          }
          suppressHighlighting={true}
        >
          Enter your iCloud backup password
        </Text>
        <Text
          allowFontScaling={true}
          maxFontSizeMultiplier={1.4}
          style={
            {
              "color": "#7D7D7D",
              "fontFamily": "Basel-Book",
              "fontSize": 17,
              "lineHeight": 24,
              "textAlign": "center",
            }
          }
          suppressHighlighting={true}
        >
          This password is required to recover your recovery phrase backup from iCloud.
        </Text>
      </View>
      <View
        style={
          {
            "alignItems": "stretch",
            "flex": 1,
            "flexDirection": "column",
            "flexGrow": 1,
            "justifyContent": "space-between",
          }
        }
      >
        <View
          style={
            {
              "alignItems": "stretch",
              "flexDirection": "column",
            }
          }
        >
          <View
            style={
              {
                "alignItems": "center",
                "backgroundColor": "#F9F9F9",
                "borderBottomColor": "#2222220D",
                "borderBottomLeftRadius": 12,
                "borderBottomRightRadius": 12,
                "borderBottomWidth": 1,
                "borderLeftColor": "#2222220D",
                "borderLeftWidth": 1,
                "borderRightColor": "#2222220D",
                "borderRightWidth": 1,
                "borderStyle": "solid",
                "borderTopColor": "#2222220D",
                "borderTopLeftRadius": 12,
                "borderTopRightRadius": 12,
                "borderTopWidth": 1,
                "flexDirection": "row",
                "justifyContent": "center",
              }
            }
          >
            <View
              style={
                {
                  "alignItems": "center",
                  "flex": 1,
                  "flexDirection": "row",
                  "flexGrow": 1,
                  "minHeight": 48,
                }
              }
            >
              <TextInput
                autoCapitalize="none"
                autoComplete="off"
                autoCorrect={false}
                autoFocus={true}
                blurOnSubmit={false}
                clearTextOnFocus={false}
                editable={true}
                focusable={true}
                onChangeText={[Function]}
                onSubmitEditing={[Function]}
                outlineWidth={0}
                placeholder="Enter password"
                placeholderTextColor="#CECECE"
                returnKeyType="done"
                secureTextEntry={true}
                selectionColor="#CECECE"
                style={
                  {
                    "backgroundColor": "transparent",
                    "borderBottomColor": "transparent",
                    "borderBottomLeftRadius": 12,
                    "borderBottomRightRadius": 12,
                    "borderBottomWidth": 0,
                    "borderLeftColor": "transparent",
                    "borderLeftWidth": 0,
                    "borderRightColor": "transparent",
                    "borderRightWidth": 0,
                    "borderStyle": "solid",
                    "borderTopColor": "transparent",
                    "borderTopLeftRadius": 12,
                    "borderTopRightRadius": 12,
                    "borderTopWidth": 0,
                    "color": "#222222",
                    "flex": 1,
                    "fontFamily": "Basel-Book",
                    "fontSize": 17,
                    "height": "auto",
                    "minWidth": 0,
                    "paddingBottom": 12,
                    "paddingLeft": 16,
                    "paddingRight": 16,
                    "paddingTop": 12,
                  }
                }
                textContentType="none"
                value=""
              />
              <View
                style={
                  {
                    "alignItems": "stretch",
                    "flexDirection": "column",
                    "marginLeft": 12,
                    "marginRight": 12,
                  }
                }
              >
                <View
                  accessibilityState={
                    {
                      "busy": undefined,
                      "checked": undefined,
                      "disabled": undefined,
                      "expanded": undefined,
                      "selected": undefined,
                    }
                  }
                  accessibilityValue={
                    {
                      "max": undefined,
                      "min": undefined,
                      "now": undefined,
                      "text": undefined,
                    }
                  }
                  accessible={true}
                  collapsable={false}
                  focusable={true}
                  hitSlop={
                    {
                      "bottom": 5,
                      "left": 5,
                      "right": 5,
                      "top": 5,
                    }
                  }
                  onClick={[Function]}
                  onResponderGrant={[Function]}
                  onResponderMove={[Function]}
                  onResponderRelease={[Function]}
                  onResponderTerminate={[Function]}
                  onResponderTerminationRequest={[Function]}
                  onStartShouldSetResponder={[Function]}
                  style={
                    {
                      "opacity": 1,
                      "paddingBottom": 4,
                      "paddingLeft": 4,
                      "paddingRight": 4,
                      "paddingTop": 4,
                    }
                  }
                >
                  <svg
                    color="#7D7D7D"
                    data-file-name="SvgEyeOff"
                    height={20}
                    width={20}
                  />
                </View>
              </View>
            </View>
          </View>
        </View>
        <View
          style={
            {
              "alignItems": "stretch",
              "flexDirection": "column",
            }
          }
        >
          <View
            pointerEvents="none"
            style={
              {
                "alignItems": "center",
                "backgroundColor": "#FC72FF",
                "borderBottomColor": "transparent",
                "borderBottomLeftRadius": 16,
                "borderBottomRightRadius": 16,
                "borderBottomWidth": 1,
                "borderLeftColor": "transparent",
                "borderLeftWidth": 1,
                "borderRightColor": "transparent",
                "borderRightWidth": 1,
                "borderStyle": "solid",
                "borderTopColor": "transparent",
                "borderTopLeftRadius": 16,
                "borderTopRightRadius": 16,
                "borderTopWidth": 1,
                "flexDirection": "row",
                "gap": 8,
                "height": "auto",
                "justifyContent": "center",
                "opacity": 0.4,
                "paddingBottom": 12,
                "paddingLeft": 12,
                "paddingRight": 12,
                "paddingTop": 12,
              }
            }
            testID="submit"
            userSelect="none"
          >
            <Text
              maxFontSizeMultiplier={1.2}
              style={
                {
                  "color": "#FFFFFF",
                  "fontFamily": "Basel-Medium",
                  "fontSize": 19,
                  "fontWeight": "500",
                  "lineHeight": 24,
                }
              }
              suppressHighlighting={true}
            >
              Continue
            </Text>
          </View>
        </View>
      </View>
    </View>
  </View>
</View>
`;
